124	2-2	n-m	111	chrX	MGI	GeneModel	70279550	70338313	.	-	.	17257	chrX	oct24	exon	70332628	70332738	.	-	.	gene_id "CL639587"	0	1
124	2-2	n-m	111	chrX	MGI	Gene	70288072	70338332	.	-	.	MGI:99918;Mecp2	chrX	oct24	exon	70332628	70332738	.	-	.	gene_id "CL639587"	0	0
124	2-2	n-m	59	chrX	MGI	GeneModel	70279550	70338313	.	-	.	17257	chrX	oct24	exon	70338229	70338287	.	-	.	gene_id "DU709198"	0	1
124	2-2	n-m	59	chrX	MGI	Gene	70288072	70338332	.	-	.	MGI:99918;Mecp2	chrX	oct24	exon	70338229	70338287	.	-	.	gene_id "DU709198"	0	0
3	3-44	n-m	55	chrX	MGI	Gene	147137467	147142360	.	+	.	MGI:2686564;Gm1718	chrX	oct24	exon	147142027	147142081	.	+	.	gene_id "CL210569"	0	0
3	3-44	n-m	179	chrX	MGI	Gene	147144043	147275608	.	+	.	MGI:1926884;Huwe1	chrX	oct24	exon	147143957	147144221	.	+	.	gene_id "CZ168943"	0	0
3	3-44	n-m	179	chrX	MGI	GeneModel	147144043	147275608	.	+	.	59026	chrX	oct24	exon	147143957	147144221	.	+	.	gene_id "CZ168943"	0	1
3	3-44	n-m	223	chrX	MGI	Gene	147144043	147275608	.	+	.	MGI:1926884;Huwe1	chrX	oct24	exon	147144060	147144282	.	+	.	gene_id "CL210692"	0	0
3	3-44	n-m	223	chrX	MGI	GeneModel	147144043	147275608	.	+	.	59026	chrX	oct24	exon	147144060	147144282	.	+	.	gene_id "CL210692"	0	1
3	3-44	n-m	213	chrX	MGI	Gene	147144043	147275608	.	+	.	MGI:1926884;Huwe1	chrX	oct24	exon	147144072	147144284	.	+	.	gene_id "DX562295"	0	0
3	3-44	n-m	213	chrX	MGI	GeneModel	147144043	147275608	.	+	.	59026	chrX	oct24	exon	147144072	147144284	.	+	.	gene_id "DX562295"	0	1
3	3-44	n-m	208	chrX	MGI	Gene	147144043	147275608	.	+	.	MGI:1926884;Huwe1	chrX	oct24	exon	147144077	147144284	.	+	.	gene_id "CW991215"	0	0
3	3-44	n-m	208	chrX	MGI	GeneModel	147144043	147275608	.	+	.	59026	chrX	oct24	exon	147144077	147144284	.	+	.	gene_id "CW991215"	0	1
3	3-44	n-m	205	chrX	MGI	Gene	147144043	147275608	.	+	.	MGI:1926884;Huwe1	chrX	oct24	exon	147144080	147144284	.	+	.	gene_id "CC249558"	0	0
3	3-44	n-m	205	chrX	MGI	GeneModel	147144043	147275608	.	+	.	59026	chrX	oct24	exon	147144080	147144284	.	+	.	gene_id "CC249558"	0	1
3	3-44	n-m	200	chrX	MGI	Gene	147144043	147275608	.	+	.	MGI:1926884;Huwe1	chrX	oct24	exon	147144085	147144284	.	+	.	gene_id "CW991211"	0	0
3	3-44	n-m	200	chrX	MGI	GeneModel	147144043	147275608	.	+	.	59026	chrX	oct24	exon	147144085	147144284	.	+	.	gene_id "CW991211"	0	1
3	3-44	n-m	200	chrX	MGI	Gene	147144043	147275608	.	+	.	MGI:1926884;Huwe1	chrX	oct24	exon	147144085	147144284	.	+	.	gene_id "DU132515"	0	0
3	3-44	n-m	200	chrX	MGI	GeneModel	147144043	147275608	.	+	.	59026	chrX	oct24	exon	147144085	147144284	.	+	.	gene_id "DU132515"	0	1
3	3-44	n-m	190	chrX	MGI	Gene	147144043	147275608	.	+	.	MGI:1926884;Huwe1	chrX	oct24	exon	147144095	147144284	.	+	.	gene_id "DU821145"	0	0
3	3-44	n-m	190	chrX	MGI	GeneModel	147144043	147275608	.	+	.	59026	chrX	oct24	exon	147144095	147144284	.	+	.	gene_id "DU821145"	0	1
3	3-44	n-m	190	chrX	MGI	Gene	147144043	147275608	.	+	.	MGI:1926884;Huwe1	chrX	oct24	exon	147144095	147144284	.	+	.	gene_id "DU823194"	0	0
3	3-44	n-m	190	chrX	MGI	GeneModel	147144043	147275608	.	+	.	59026	chrX	oct24	exon	147144095	147144284	.	+	.	gene_id "DU823194"	0	1
3	3-44	n-m	170	chrX	MGI	Gene	147144043	147275608	.	+	.	MGI:1926884;Huwe1	chrX	oct24	exon	147144115	147144284	.	+	.	gene_id "CC182933"	0	0
3	3-44	n-m	170	chrX	MGI	GeneModel	147144043	147275608	.	+	.	59026	chrX	oct24	exon	147144115	147144284	.	+	.	gene_id "CC182933"	0	1
3	3-44	n-m	135	chrX	MGI	Gene	147144043	147275608	.	+	.	MGI:1926884;Huwe1	chrX	oct24	exon	147144150	147144284	.	+	.	gene_id "BZ690938"	0	0
3	3-44	n-m	135	chrX	MGI	GeneModel	147144043	147275608	.	+	.	59026	chrX	oct24	exon	147144150	147144284	.	+	.	gene_id "BZ690938"	0	1
3	3-44	n-m	62	chrX	MGI	Gene	147144043	147275608	.	+	.	MGI:1926884;Huwe1	chrX	oct24	exon	147144223	147144284	.	+	.	gene_id "CZ168943"	0	0
3	3-44	n-m	62	chrX	MGI	GeneModel	147144043	147275608	.	+	.	59026	chrX	oct24	exon	147144223	147144284	.	+	.	gene_id "CZ168943"	0	1
3	3-44	n-m	44	chrX	MGI	Gene	147144043	147275608	.	+	.	MGI:1926884;Huwe1	chrX	oct24	exon	147144507	147144550	.	+	.	gene_id "CL213772"	0	0
3	3-44	n-m	44	chrX	MGI	GeneModel	147144043	147275608	.	+	.	59026	chrX	oct24	exon	147144507	147144550	.	+	.	gene_id "CL213772"	0	1
3	3-44	n-m	5	chrX	MGI	Gene	147144043	147275608	.	+	.	MGI:1926884;Huwe1	chrX	oct24	exon	147144552	147144556	.	+	.	gene_id "CL213772"	0	0
3	3-44	n-m	5	chrX	MGI	GeneModel	147144043	147275608	.	+	.	59026	chrX	oct24	exon	147144552	147144556	.	+	.	gene_id "CL213772"	0	1
3	3-44	n-m	96	chrX	MGI	Gene	147144043	147275608	.	+	.	MGI:1926884;Huwe1	chrX	oct24	exon	147145160	147145255	.	+	.	gene_id "CL211236"	0	0
3	3-44	n-m	96	chrX	MGI	GeneModel	147144043	147275608	.	+	.	59026	chrX	oct24	exon	147145160	147145255	.	+	.	gene_id "CL211236"	0	1
3	3-44	n-m	95	chrX	MGI	Gene	147144043	147275608	.	+	.	MGI:1926884;Huwe1	chrX	oct24	exon	147145161	147145255	.	+	.	gene_id "CC182933"	0	0
3	3-44	n-m	95	chrX	MGI	GeneModel	147144043	147275608	.	+	.	59026	chrX	oct24	exon	147145161	147145255	.	+	.	gene_id "CC182933"	0	1
3	3-44	n-m	136	chrX	MGI	Gene	147144043	147275608	.	+	.	MGI:1926884;Huwe1	chrX	oct24	exon	147146987	147147122	.	+	.	gene_id "CC182933"	0	0
3	3-44	n-m	136	chrX	MGI	GeneModel	147144043	147275608	.	+	.	59026	chrX	oct24	exon	147146987	147147122	.	+	.	gene_id "CC182933"	0	1
3	3-44	n-m	136	chrX	MGI	Gene	147144043	147275608	.	+	.	MGI:1926884;Huwe1	chrX	oct24	exon	147146987	147147122	.	+	.	gene_id "CL211236"	0	0
3	3-44	n-m	136	chrX	MGI	GeneModel	147144043	147275608	.	+	.	59026	chrX	oct24	exon	147146987	147147122	.	+	.	gene_id "CL211236"	0	1
3	3-44	n-m	47	chrX	MGI	Gene	147144043	147275608	.	+	.	MGI:1926884;Huwe1	chrX	oct24	exon	147147025	147147071	.	+	.	gene_id "CL639751"	0	0
3	3-44	n-m	47	chrX	MGI	GeneModel	147144043	147275608	.	+	.	59026	chrX	oct24	exon	147147025	147147071	.	+	.	gene_id "CL639751"	0	1
3	3-44	n-m	143	chrX	MGI	Gene	147144043	147275608	.	+	.	MGI:1926884;Huwe1	chrX	oct24	exon	147147431	147147573	.	+	.	gene_id "DX562292"	0	0
3	3-44	n-m	143	chrX	MGI	GeneModel	147144043	147275608	.	+	.	59026	chrX	oct24	exon	147147431	147147573	.	+	.	gene_id "DX562292"	0	1
3	3-44	n-m	141	chrX	MGI	Gene	147144043	147275608	.	+	.	MGI:1926884;Huwe1	chrX	oct24	exon	147147433	147147573	.	+	.	gene_id "CC325336"	0	0
3	3-44	n-m	141	chrX	MGI	GeneModel	147144043	147275608	.	+	.	59026	chrX	oct24	exon	147147433	147147573	.	+	.	gene_id "CC325336"	0	1
3	3-44	n-m	143	chrX	MGI	Gene	147144043	147275608	.	+	.	MGI:1926884;Huwe1	chrX	oct24	exon	147147433	147147575	.	+	.	gene_id "CL639751"	0	0
3	3-44	n-m	143	chrX	MGI	GeneModel	147144043	147275608	.	+	.	59026	chrX	oct24	exon	147147433	147147575	.	+	.	gene_id "CL639751"	0	1
3	3-44	n-m	87	chrX	MGI	Gene	147144043	147275608	.	+	.	MGI:1926884;Huwe1	chrX	oct24	exon	147147434	147147520	.	+	.	gene_id "CL210692"	0	0
3	3-44	n-m	87	chrX	MGI	GeneModel	147144043	147275608	.	+	.	59026	chrX	oct24	exon	147147434	147147520	.	+	.	gene_id "CL210692"	0	1
3	3-44	n-m	142	chrX	MGI	Gene	147144043	147275608	.	+	.	MGI:1926884;Huwe1	chrX	oct24	exon	147147434	147147575	.	+	.	gene_id "CZ294545"	0	0
3	3-44	n-m	142	chrX	MGI	GeneModel	147144043	147275608	.	+	.	59026	chrX	oct24	exon	147147434	147147575	.	+	.	gene_id "CZ294545"	0	1
3	3-44	n-m	70	chrX	MGI	Gene	147144043	147275608	.	+	.	MGI:1926884;Huwe1	chrX	oct24	exon	147147435	147147504	.	+	.	gene_id "CW991215"	0	0
3	3-44	n-m	70	chrX	MGI	GeneModel	147144043	147275608	.	+	.	59026	chrX	oct24	exon	147147435	147147504	.	+	.	gene_id "CW991215"	0	1
3	3-44	n-m	101	chrX	MGI	Gene	147144043	147275608	.	+	.	MGI:1926884;Huwe1	chrX	oct24	exon	147147435	147147535	.	+	.	gene_id "BZ690938"	0	0
3	3-44	n-m	101	chrX	MGI	GeneModel	147144043	147275608	.	+	.	59026	chrX	oct24	exon	147147435	147147535	.	+	.	gene_id "BZ690938"	0	1
3	3-44	n-m	116	chrX	MGI	Gene	147144043	147275608	.	+	.	MGI:1926884;Huwe1	chrX	oct24	exon	147147435	147147550	.	+	.	gene_id "CL211236"	0	0
3	3-44	n-m	116	chrX	MGI	GeneModel	147144043	147275608	.	+	.	59026	chrX	oct24	exon	147147435	147147550	.	+	.	gene_id "CL211236"	0	1
3	3-44	n-m	135	chrX	MGI	Gene	147144043	147275608	.	+	.	MGI:1926884;Huwe1	chrX	oct24	exon	147147435	147147569	.	+	.	gene_id "CL210569"	0	0
3	3-44	n-m	135	chrX	MGI	GeneModel	147144043	147275608	.	+	.	59026	chrX	oct24	exon	147147435	147147569	.	+	.	gene_id "CL210569"	0	1
3	3-44	n-m	139	chrX	MGI	Gene	147144043	147275608	.	+	.	MGI:1926884;Huwe1	chrX	oct24	exon	147147435	147147573	.	+	.	gene_id "CC182933"	0	0
3	3-44	n-m	139	chrX	MGI	GeneModel	147144043	147275608	.	+	.	59026	chrX	oct24	exon	147147435	147147573	.	+	.	gene_id "CC182933"	0	1
3	3-44	n-m	139	chrX	MGI	Gene	147144043	147275608	.	+	.	MGI:1926884;Huwe1	chrX	oct24	exon	147147435	147147573	.	+	.	gene_id "DX562295"	0	0
3	3-44	n-m	139	chrX	MGI	GeneModel	147144043	147275608	.	+	.	59026	chrX	oct24	exon	147147435	147147573	.	+	.	gene_id "DX562295"	0	1
3	3-44	n-m	141	chrX	MGI	Gene	147144043	147275608	.	+	.	MGI:1926884;Huwe1	chrX	oct24	exon	147147435	147147575	.	+	.	gene_id "CC249558"	0	0
3	3-44	n-m	141	chrX	MGI	GeneModel	147144043	147275608	.	+	.	59026	chrX	oct24	exon	147147435	147147575	.	+	.	gene_id "CC249558"	0	1
3	3-44	n-m	141	chrX	MGI	Gene	147144043	147275608	.	+	.	MGI:1926884;Huwe1	chrX	oct24	exon	147147435	147147575	.	+	.	gene_id "CW991211"	0	0
3	3-44	n-m	141	chrX	MGI	GeneModel	147144043	147275608	.	+	.	59026	chrX	oct24	exon	147147435	147147575	.	+	.	gene_id "CW991211"	0	1
3	3-44	n-m	141	chrX	MGI	Gene	147144043	147275608	.	+	.	MGI:1926884;Huwe1	chrX	oct24	exon	147147435	147147575	.	+	.	gene_id "DU132515"	0	0
3	3-44	n-m	141	chrX	MGI	GeneModel	147144043	147275608	.	+	.	59026	chrX	oct24	exon	147147435	147147575	.	+	.	gene_id "DU132515"	0	1
3	3-44	n-m	93	chrX	MGI	Gene	147144043	147275608	.	+	.	MGI:1926884;Huwe1	chrX	oct24	exon	147147483	147147575	.	+	.	gene_id "CL265297"	0	0
3	3-44	n-m	93	chrX	MGI	GeneModel	147144043	147275608	.	+	.	59026	chrX	oct24	exon	147147483	147147575	.	+	.	gene_id "CL265297"	0	1
3	3-44	n-m	33	chrX	MGI	Gene	147144043	147275608	.	+	.	MGI:1926884;Huwe1	chrX	oct24	exon	147147536	147147568	.	+	.	gene_id "BZ690938"	0	0
3	3-44	n-m	33	chrX	MGI	GeneModel	147144043	147275608	.	+	.	59026	chrX	oct24	exon	147147536	147147568	.	+	.	gene_id "BZ690938"	0	1
3	3-44	n-m	12	chrX	MGI	Gene	147144043	147275608	.	+	.	MGI:1926884;Huwe1	chrX	oct24	exon	147147551	147147562	.	+	.	gene_id "CL211236"	0	0
3	3-44	n-m	12	chrX	MGI	GeneModel	147144043	147275608	.	+	.	59026	chrX	oct24	exon	147147551	147147562	.	+	.	gene_id "CL211236"	0	1
3	3-44	n-m	14	chrX	MGI	Gene	147144043	147275608	.	+	.	MGI:1926884;Huwe1	chrX	oct24	exon	147147563	147147576	.	+	.	gene_id "CL211236"	0	0
3	3-44	n-m	14	chrX	MGI	GeneModel	147144043	147275608	.	+	.	59026	chrX	oct24	exon	147147563	147147576	.	+	.	gene_id "CL211236"	0	1
3	3-44	n-m	59	chrX	MGI	Gene	147144043	147275608	.	+	.	MGI:1926884;Huwe1	chrX	oct24	exon	147175939	147175997	.	+	.	gene_id "CC249558"	0	0
3	3-44	n-m	59	chrX	MGI	GeneModel	147144043	147275608	.	+	.	59026	chrX	oct24	exon	147175939	147175997	.	+	.	gene_id "CC249558"	0	1
3	3-44	n-m	68	chrX	MGI	Gene	147144043	147275608	.	+	.	MGI:1926884;Huwe1	chrX	oct24	exon	147175939	147176006	.	+	.	gene_id "CZ294545"	0	0
3	3-44	n-m	68	chrX	MGI	GeneModel	147144043	147275608	.	+	.	59026	chrX	oct24	exon	147175939	147176006	.	+	.	gene_id "CZ294545"	0	1
3	3-44	n-m	69	chrX	MGI	Gene	147144043	147275608	.	+	.	MGI:1926884;Huwe1	chrX	oct24	exon	147175939	147176007	.	+	.	gene_id "CL265297"	0	0
3	3-44	n-m	69	chrX	MGI	GeneModel	147144043	147275608	.	+	.	59026	chrX	oct24	exon	147175939	147176007	.	+	.	gene_id "CL265297"	0	1
3	3-44	n-m	69	chrX	MGI	Gene	147144043	147275608	.	+	.	MGI:1926884;Huwe1	chrX	oct24	exon	147175939	147176007	.	+	.	gene_id "CL639751"	0	0
3	3-44	n-m	69	chrX	MGI	GeneModel	147144043	147275608	.	+	.	59026	chrX	oct24	exon	147175939	147176007	.	+	.	gene_id "CL639751"	0	1
3	3-44	n-m	10	chrX	MGI	Gene	147144043	147275608	.	+	.	MGI:1926884;Huwe1	chrX	oct24	exon	147175998	147176007	.	+	.	gene_id "CC249558"	0	0
3	3-44	n-m	10	chrX	MGI	GeneModel	147144043	147275608	.	+	.	59026	chrX	oct24	exon	147175998	147176007	.	+	.	gene_id "CC249558"	0	1
3	3-44	n-m	7	chrX	MGI	Gene	147144043	147275608	.	+	.	MGI:1926884;Huwe1	chrX	oct24	exon	147180771	147180777	.	+	.	gene_id "CC249558"	0	0
3	3-44	n-m	7	chrX	MGI	GeneModel	147144043	147275608	.	+	.	59026	chrX	oct24	exon	147180771	147180777	.	+	.	gene_id "CC249558"	0	1
3	3-44	n-m	99	chrX	MGI	Gene	147144043	147275608	.	+	.	MGI:1926884;Huwe1	chrX	oct24	exon	147180771	147180869	.	+	.	gene_id "CL265297"	0	0
3	3-44	n-m	99	chrX	MGI	GeneModel	147144043	147275608	.	+	.	59026	chrX	oct24	exon	147180771	147180869	.	+	.	gene_id "CL265297"	0	1
3	3-44	n-m	15	chrX	MGI	Gene	147144043	147275608	.	+	.	MGI:1926884;Huwe1	chrX	oct24	exon	147180778	147180792	.	+	.	gene_id "CC249558"	0	0
3	3-44	n-m	15	chrX	MGI	GeneModel	147144043	147275608	.	+	.	59026	chrX	oct24	exon	147180778	147180792	.	+	.	gene_id "CC249558"	0	1
3	3-44	n-m	8	chrX	MGI	Gene	147144043	147275608	.	+	.	MGI:1926884;Huwe1	chrX	oct24	exon	147180793	147180800	.	+	.	gene_id "CC249558"	0	0
3	3-44	n-m	8	chrX	MGI	GeneModel	147144043	147275608	.	+	.	59026	chrX	oct24	exon	147180793	147180800	.	+	.	gene_id "CC249558"	0	1
3	3-44	n-m	5	chrX	MGI	Gene	147144043	147275608	.	+	.	MGI:1926884;Huwe1	chrX	oct24	exon	147180801	147180805	.	+	.	gene_id "CC249558"	0	0
3	3-44	n-m	5	chrX	MGI	GeneModel	147144043	147275608	.	+	.	59026	chrX	oct24	exon	147180801	147180805	.	+	.	gene_id "CC249558"	0	1
3	3-44	n-m	62	chrX	MGI	Gene	147144043	147275608	.	+	.	MGI:1926884;Huwe1	chrX	oct24	exon	147180806	147180867	.	+	.	gene_id "CC249558"	0	0
3	3-44	n-m	62	chrX	MGI	GeneModel	147144043	147275608	.	+	.	59026	chrX	oct24	exon	147180806	147180867	.	+	.	gene_id "CC249558"	0	1
3	3-44	n-m	205	chrX	MGI	Gene	147144043	147275608	.	+	.	MGI:1926884;Huwe1	chrX	oct24	exon	147181492	147181696	.	+	.	gene_id "CL265297"	0	0
3	3-44	n-m	205	chrX	MGI	GeneModel	147144043	147275608	.	+	.	59026	chrX	oct24	exon	147181492	147181696	.	+	.	gene_id "CL265297"	0	1
3	3-44	n-m	101	chrX	MGI	Gene	147144043	147275608	.	+	.	MGI:1926884;Huwe1	chrX	oct24	exon	147200883	147200983	.	+	.	gene_id "DX934976"	0	0
3	3-44	n-m	101	chrX	MGI	GeneModel	147144043	147275608	.	+	.	59026	chrX	oct24	exon	147200883	147200983	.	+	.	gene_id "DX934976"	0	1
3	3-44	n-m	81	chrX	MGI	Gene	147144043	147275608	.	+	.	MGI:1926884;Huwe1	chrX	oct24	exon	147201384	147201464	.	+	.	gene_id "DX934976"	0	0
3	3-44	n-m	81	chrX	MGI	GeneModel	147144043	147275608	.	+	.	59026	chrX	oct24	exon	147201384	147201464	.	+	.	gene_id "DX934976"	0	1
3	3-44	n-m	273	chrX	MGI	Gene	147144043	147275608	.	+	.	MGI:1926884;Huwe1	chrX	oct24	exon	147201994	147202266	.	+	.	gene_id "CL437314"	0	0
3	3-44	n-m	273	chrX	MGI	GeneModel	147144043	147275608	.	+	.	59026	chrX	oct24	exon	147201994	147202266	.	+	.	gene_id "CL437314"	0	1
3	3-44	n-m	107	chrX	MGI	Gene	147144043	147275608	.	+	.	MGI:1926884;Huwe1	chrX	oct24	exon	147203013	147203119	.	+	.	gene_id "DX934976"	0	0
3	3-44	n-m	107	chrX	MGI	GeneModel	147144043	147275608	.	+	.	59026	chrX	oct24	exon	147203013	147203119	.	+	.	gene_id "DX934976"	0	1
3	3-44	n-m	177	chrX	MGI	Gene	147144043	147275608	.	+	.	MGI:1926884;Huwe1	chrX	oct24	exon	147203367	147203543	.	+	.	gene_id "DX934976"	0	0
3	3-44	n-m	177	chrX	MGI	GeneModel	147144043	147275608	.	+	.	59026	chrX	oct24	exon	147203367	147203543	.	+	.	gene_id "DX934976"	0	1
3	3-44	n-m	6	chrX	MGI	Gene	147144043	147275608	.	+	.	MGI:1926884;Huwe1	chrX	oct24	exon	147203377	147203382	.	+	.	gene_id "DU823335"	0	0
3	3-44	n-m	6	chrX	MGI	GeneModel	147144043	147275608	.	+	.	59026	chrX	oct24	exon	147203377	147203382	.	+	.	gene_id "DU823335"	0	1
3	3-44	n-m	19	chrX	MGI	Gene	147144043	147275608	.	+	.	MGI:1926884;Huwe1	chrX	oct24	exon	147203383	147203401	.	+	.	gene_id "DU823335"	0	0
3	3-44	n-m	19	chrX	MGI	GeneModel	147144043	147275608	.	+	.	59026	chrX	oct24	exon	147203383	147203401	.	+	.	gene_id "DU823335"	0	1
3	3-44	n-m	115	chrX	MGI	Gene	147144043	147275608	.	+	.	MGI:1926884;Huwe1	chrX	oct24	exon	147203430	147203544	.	+	.	gene_id "DU823335"	0	0
3	3-44	n-m	115	chrX	MGI	GeneModel	147144043	147275608	.	+	.	59026	chrX	oct24	exon	147203430	147203544	.	+	.	gene_id "DU823335"	0	1
3	3-44	n-m	92	chrX	MGI	Gene	147144043	147275608	.	+	.	MGI:1926884;Huwe1	chrX	oct24	exon	147204588	147204679	.	+	.	gene_id "DU823335"	0	0
3	3-44	n-m	92	chrX	MGI	GeneModel	147144043	147275608	.	+	.	59026	chrX	oct24	exon	147204588	147204679	.	+	.	gene_id "DU823335"	0	1
3	3-44	n-m	212	chrX	MGI	Gene	147144043	147275608	.	+	.	MGI:1926884;Huwe1	chrX	oct24	exon	147205277	147205488	.	+	.	gene_id "DU823335"	0	0
3	3-44	n-m	212	chrX	MGI	GeneModel	147144043	147275608	.	+	.	59026	chrX	oct24	exon	147205277	147205488	.	+	.	gene_id "DU823335"	0	1
3	3-44	n-m	187	chrX	MGI	Gene	147144043	147275608	.	+	.	MGI:1926884;Huwe1	chrX	oct24	exon	147205302	147205488	.	+	.	gene_id "CL265363"	0	0
3	3-44	n-m	187	chrX	MGI	GeneModel	147144043	147275608	.	+	.	59026	chrX	oct24	exon	147205302	147205488	.	+	.	gene_id "CL265363"	0	1
3	3-44	n-m	58	chrX	MGI	Gene	147144043	147275608	.	+	.	MGI:1926884;Huwe1	chrX	oct24	exon	147211174	147211231	.	+	.	gene_id "CL265363"	0	0
3	3-44	n-m	58	chrX	MGI	GeneModel	147144043	147275608	.	+	.	59026	chrX	oct24	exon	147211174	147211231	.	+	.	gene_id "CL265363"	0	1
3	3-44	n-m	126	chrX	MGI	Gene	147144043	147275608	.	+	.	MGI:1926884;Huwe1	chrX	oct24	exon	147212195	147212320	.	+	.	gene_id "CL265363"	0	0
3	3-44	n-m	126	chrX	MGI	GeneModel	147144043	147275608	.	+	.	59026	chrX	oct24	exon	147212195	147212320	.	+	.	gene_id "CL265363"	0	1
3	3-44	n-m	129	chrX	MGI	Gene	147144043	147275608	.	+	.	MGI:1926884;Huwe1	chrX	oct24	exon	147212243	147212371	.	+	.	gene_id "DU823857"	0	0
3	3-44	n-m	129	chrX	MGI	GeneModel	147144043	147275608	.	+	.	59026	chrX	oct24	exon	147212243	147212371	.	+	.	gene_id "DU823857"	0	1
3	3-44	n-m	129	chrX	MGI	Gene	147144043	147275608	.	+	.	MGI:1926884;Huwe1	chrX	oct24	exon	147215365	147215493	.	+	.	gene_id "ED033824"	0	0
3	3-44	n-m	129	chrX	MGI	GeneModel	147144043	147275608	.	+	.	59026	chrX	oct24	exon	147215365	147215493	.	+	.	gene_id "ED033824"	0	1
3	3-44	n-m	12	chrX	MGI	Gene	147144043	147275608	.	+	.	MGI:1926884;Huwe1	chrX	oct24	exon	147217010	147217021	.	+	.	gene_id "ED033824"	0	0
3	3-44	n-m	12	chrX	MGI	GeneModel	147144043	147275608	.	+	.	59026	chrX	oct24	exon	147217010	147217021	.	+	.	gene_id "ED033824"	0	1
3	3-44	n-m	115	chrX	MGI	Gene	147144043	147275608	.	+	.	MGI:1926884;Huwe1	chrX	oct24	exon	147217028	147217142	.	+	.	gene_id "ED033824"	0	0
3	3-44	n-m	115	chrX	MGI	GeneModel	147144043	147275608	.	+	.	59026	chrX	oct24	exon	147217028	147217142	.	+	.	gene_id "ED033824"	0	1
3	3-44	n-m	92	chrX	MGI	Gene	147144043	147275608	.	+	.	MGI:1926884;Huwe1	chrX	oct24	exon	147217528	147217619	.	+	.	gene_id "ED033824"	0	0
3	3-44	n-m	92	chrX	MGI	GeneModel	147144043	147275608	.	+	.	59026	chrX	oct24	exon	147217528	147217619	.	+	.	gene_id "ED033824"	0	1
3	3-44	n-m	96	chrX	MGI	Gene	147144043	147275608	.	+	.	MGI:1926884;Huwe1	chrX	oct24	exon	147218764	147218859	.	+	.	gene_id "CL016061"	0	0
3	3-44	n-m	96	chrX	MGI	GeneModel	147144043	147275608	.	+	.	59026	chrX	oct24	exon	147218764	147218859	.	+	.	gene_id "CL016061"	0	1
3	3-44	n-m	183	chrX	MGI	Gene	147144043	147275608	.	+	.	MGI:1926884;Huwe1	chrX	oct24	exon	147218860	147219042	.	+	.	gene_id "CL016061"	0	0
3	3-44	n-m	183	chrX	MGI	GeneModel	147144043	147275608	.	+	.	59026	chrX	oct24	exon	147218860	147219042	.	+	.	gene_id "CL016061"	0	1
3	3-44	n-m	33	chrX	MGI	Gene	147144043	147275608	.	+	.	MGI:1926884;Huwe1	chrX	oct24	exon	147221156	147221188	.	+	.	gene_id "CZ192930"	0	0
3	3-44	n-m	33	chrX	MGI	GeneModel	147144043	147275608	.	+	.	59026	chrX	oct24	exon	147221156	147221188	.	+	.	gene_id "CZ192930"	0	1
3	3-44	n-m	194	chrX	MGI	Gene	147144043	147275608	.	+	.	MGI:1926884;Huwe1	chrX	oct24	exon	147221189	147221382	.	+	.	gene_id "CZ192930"	0	0
3	3-44	n-m	194	chrX	MGI	GeneModel	147144043	147275608	.	+	.	59026	chrX	oct24	exon	147221189	147221382	.	+	.	gene_id "CZ192930"	0	1
3	3-44	n-m	57	chrX	MGI	Gene	147144043	147275608	.	+	.	MGI:1926884;Huwe1	chrX	oct24	exon	147221383	147221439	.	+	.	gene_id "CZ192930"	0	0
3	3-44	n-m	57	chrX	MGI	GeneModel	147144043	147275608	.	+	.	59026	chrX	oct24	exon	147221383	147221439	.	+	.	gene_id "CZ192930"	0	1
3	3-44	n-m	101	chrX	MGI	Gene	147144043	147275608	.	+	.	MGI:1926884;Huwe1	chrX	oct24	exon	147223344	147223444	.	+	.	gene_id "DU820953"	0	0
3	3-44	n-m	101	chrX	MGI	GeneModel	147144043	147275608	.	+	.	59026	chrX	oct24	exon	147223344	147223444	.	+	.	gene_id "DU820953"	0	1
3	3-44	n-m	69	chrX	MGI	Gene	147144043	147275608	.	+	.	MGI:1926884;Huwe1	chrX	oct24	exon	147223361	147223429	.	+	.	gene_id "CC325261"	0	0
3	3-44	n-m	69	chrX	MGI	GeneModel	147144043	147275608	.	+	.	59026	chrX	oct24	exon	147223361	147223429	.	+	.	gene_id "CC325261"	0	1
3	3-44	n-m	84	chrX	MGI	Gene	147144043	147275608	.	+	.	MGI:1926884;Huwe1	chrX	oct24	exon	147223362	147223445	.	+	.	gene_id "CW509344"	0	0
3	3-44	n-m	84	chrX	MGI	GeneModel	147144043	147275608	.	+	.	59026	chrX	oct24	exon	147223362	147223445	.	+	.	gene_id "CW509344"	0	1
3	3-44	n-m	64	chrX	MGI	Gene	147144043	147275608	.	+	.	MGI:1926884;Huwe1	chrX	oct24	exon	147223381	147223444	.	+	.	gene_id "CG671858"	0	0
3	3-44	n-m	64	chrX	MGI	GeneModel	147144043	147275608	.	+	.	59026	chrX	oct24	exon	147223381	147223444	.	+	.	gene_id "CG671858"	0	1
3	3-44	n-m	231	chrX	MGI	Gene	147144043	147275608	.	+	.	MGI:1926884;Huwe1	chrX	oct24	exon	147223794	147224024	.	+	.	gene_id "DU820953"	0	0
3	3-44	n-m	231	chrX	MGI	GeneModel	147144043	147275608	.	+	.	59026	chrX	oct24	exon	147223794	147224024	.	+	.	gene_id "DU820953"	0	1
3	3-44	n-m	221	chrX	MGI	Gene	147144043	147275608	.	+	.	MGI:1926884;Huwe1	chrX	oct24	exon	147223795	147224015	.	+	.	gene_id "CG671858"	0	0
3	3-44	n-m	221	chrX	MGI	GeneModel	147144043	147275608	.	+	.	59026	chrX	oct24	exon	147223795	147224015	.	+	.	gene_id "CG671858"	0	1
3	3-44	n-m	64	chrX	MGI	Gene	147144043	147275608	.	+	.	MGI:1926884;Huwe1	chrX	oct24	exon	147223797	147223860	.	+	.	gene_id "CW509344"	0	0
3	3-44	n-m	64	chrX	MGI	GeneModel	147144043	147275608	.	+	.	59026	chrX	oct24	exon	147223797	147223860	.	+	.	gene_id "CW509344"	0	1
3	3-44	n-m	161	chrX	MGI	Gene	147144043	147275608	.	+	.	MGI:1926884;Huwe1	chrX	oct24	exon	147223861	147224021	.	+	.	gene_id "CW509344"	0	0
3	3-44	n-m	161	chrX	MGI	GeneModel	147144043	147275608	.	+	.	59026	chrX	oct24	exon	147223861	147224021	.	+	.	gene_id "CW509344"	0	1
3	3-44	n-m	30	chrX	MGI	Gene	147144043	147275608	.	+	.	MGI:1926884;Huwe1	chrX	oct24	exon	147226390	147226419	.	+	.	gene_id "CL214156"	0	0
3	3-44	n-m	30	chrX	MGI	GeneModel	147144043	147275608	.	+	.	59026	chrX	oct24	exon	147226390	147226419	.	+	.	gene_id "CL214156"	0	1
3	3-44	n-m	30	chrX	MGI	Gene	147144043	147275608	.	+	.	MGI:1926884;Huwe1	chrX	oct24	exon	147226390	147226419	.	+	.	gene_id "CL214158"	0	0
3	3-44	n-m	30	chrX	MGI	GeneModel	147144043	147275608	.	+	.	59026	chrX	oct24	exon	147226390	147226419	.	+	.	gene_id "CL214158"	0	1
3	3-44	n-m	96	chrX	MGI	Gene	147144043	147275608	.	+	.	MGI:1926884;Huwe1	chrX	oct24	exon	147226798	147226893	.	+	.	gene_id "CL214156"	0	0
3	3-44	n-m	96	chrX	MGI	GeneModel	147144043	147275608	.	+	.	59026	chrX	oct24	exon	147226798	147226893	.	+	.	gene_id "CL214156"	0	1
3	3-44	n-m	96	chrX	MGI	Gene	147144043	147275608	.	+	.	MGI:1926884;Huwe1	chrX	oct24	exon	147226798	147226893	.	+	.	gene_id "CL214158"	0	0
3	3-44	n-m	96	chrX	MGI	GeneModel	147144043	147275608	.	+	.	59026	chrX	oct24	exon	147226798	147226893	.	+	.	gene_id "CL214158"	0	1
3	3-44	n-m	270	chrX	MGI	Gene	147144043	147275608	.	+	.	MGI:1926884;Huwe1	chrX	oct24	exon	147227459	147227728	.	+	.	gene_id "CL214156"	0	0
3	3-44	n-m	270	chrX	MGI	GeneModel	147144043	147275608	.	+	.	59026	chrX	oct24	exon	147227459	147227728	.	+	.	gene_id "CL214156"	0	1
3	3-44	n-m	270	chrX	MGI	Gene	147144043	147275608	.	+	.	MGI:1926884;Huwe1	chrX	oct24	exon	147227459	147227728	.	+	.	gene_id "CL214158"	0	0
3	3-44	n-m	270	chrX	MGI	GeneModel	147144043	147275608	.	+	.	59026	chrX	oct24	exon	147227459	147227728	.	+	.	gene_id "CL214158"	0	1
3	3-44	n-m	147	chrX	MGI	Gene	147144043	147275608	.	+	.	MGI:1926884;Huwe1	chrX	oct24	exon	147229099	147229245	.	+	.	gene_id "CL214156"	0	0
3	3-44	n-m	147	chrX	MGI	GeneModel	147144043	147275608	.	+	.	59026	chrX	oct24	exon	147229099	147229245	.	+	.	gene_id "CL214156"	0	1
3	3-44	n-m	149	chrX	MGI	Gene	147144043	147275608	.	+	.	MGI:1926884;Huwe1	chrX	oct24	exon	147229099	147229247	.	+	.	gene_id "CL214158"	0	0
3	3-44	n-m	149	chrX	MGI	GeneModel	147144043	147275608	.	+	.	59026	chrX	oct24	exon	147229099	147229247	.	+	.	gene_id "CL214158"	0	1
3	3-44	n-m	19	chrX	MGI	Gene	147144043	147275608	.	+	.	MGI:1926884;Huwe1	chrX	oct24	exon	147231885	147231903	.	+	.	gene_id "CL440773"	0	0
3	3-44	n-m	19	chrX	MGI	GeneModel	147144043	147275608	.	+	.	59026	chrX	oct24	exon	147231885	147231903	.	+	.	gene_id "CL440773"	0	1
3	3-44	n-m	7	chrX	MGI	Gene	147144043	147275608	.	+	.	MGI:1926884;Huwe1	chrX	oct24	exon	147231908	147231914	.	+	.	gene_id "CL440773"	0	0
3	3-44	n-m	7	chrX	MGI	GeneModel	147144043	147275608	.	+	.	59026	chrX	oct24	exon	147231908	147231914	.	+	.	gene_id "CL440773"	0	1
3	3-44	n-m	29	chrX	MGI	Gene	147144043	147275608	.	+	.	MGI:1926884;Huwe1	chrX	oct24	exon	147231918	147231946	.	+	.	gene_id "CL440773"	0	0
3	3-44	n-m	29	chrX	MGI	GeneModel	147144043	147275608	.	+	.	59026	chrX	oct24	exon	147231918	147231946	.	+	.	gene_id "CL440773"	0	1
3	3-44	n-m	79	chrX	MGI	Gene	147144043	147275608	.	+	.	MGI:1926884;Huwe1	chrX	oct24	exon	147231947	147232025	.	+	.	gene_id "CL440773"	0	0
3	3-44	n-m	79	chrX	MGI	GeneModel	147144043	147275608	.	+	.	59026	chrX	oct24	exon	147231947	147232025	.	+	.	gene_id "CL440773"	0	1
3	3-44	n-m	37	chrX	MGI	Gene	147144043	147275608	.	+	.	MGI:1926884;Huwe1	chrX	oct24	exon	147232026	147232062	.	+	.	gene_id "CL440773"	0	0
3	3-44	n-m	37	chrX	MGI	GeneModel	147144043	147275608	.	+	.	59026	chrX	oct24	exon	147232026	147232062	.	+	.	gene_id "CL440773"	0	1
3	3-44	n-m	232	chrX	MGI	Gene	147144043	147275608	.	+	.	MGI:1926884;Huwe1	chrX	oct24	exon	147232064	147232295	.	+	.	gene_id "CL440773"	0	0
3	3-44	n-m	232	chrX	MGI	GeneModel	147144043	147275608	.	+	.	59026	chrX	oct24	exon	147232064	147232295	.	+	.	gene_id "CL440773"	0	1
3	3-44	n-m	250	chrX	MGI	Gene	147144043	147275608	.	+	.	MGI:1926884;Huwe1	chrX	oct24	exon	147232339	147232588	.	+	.	gene_id "CZ192366"	0	0
3	3-44	n-m	250	chrX	MGI	GeneModel	147144043	147275608	.	+	.	59026	chrX	oct24	exon	147232339	147232588	.	+	.	gene_id "CZ192366"	0	1
3	3-44	n-m	126	chrX	MGI	Gene	147144043	147275608	.	+	.	MGI:1926884;Huwe1	chrX	oct24	exon	147245092	147245217	.	+	.	gene_id "CC199811"	0	0
3	3-44	n-m	126	chrX	MGI	GeneModel	147144043	147275608	.	+	.	59026	chrX	oct24	exon	147245092	147245217	.	+	.	gene_id "CC199811"	0	1
3	3-44	n-m	76	chrX	MGI	Gene	147144043	147275608	.	+	.	MGI:1926884;Huwe1	chrX	oct24	exon	147246071	147246146	.	+	.	gene_id "CC199811"	0	0
3	3-44	n-m	76	chrX	MGI	GeneModel	147144043	147275608	.	+	.	59026	chrX	oct24	exon	147246071	147246146	.	+	.	gene_id "CC199811"	0	1
3	3-44	n-m	99	chrX	MGI	Gene	147144043	147275608	.	+	.	MGI:1926884;Huwe1	chrX	oct24	exon	147246980	147247078	.	+	.	gene_id "CC199811"	0	0
3	3-44	n-m	99	chrX	MGI	GeneModel	147144043	147275608	.	+	.	59026	chrX	oct24	exon	147246980	147247078	.	+	.	gene_id "CC199811"	0	1
3	3-44	n-m	134	chrX	MGI	Gene	147144043	147275608	.	+	.	MGI:1926884;Huwe1	chrX	oct24	exon	147247666	147247799	.	+	.	gene_id "CC199811"	0	0
3	3-44	n-m	134	chrX	MGI	GeneModel	147144043	147275608	.	+	.	59026	chrX	oct24	exon	147247666	147247799	.	+	.	gene_id "CC199811"	0	1
3	3-44	n-m	169	chrX	MGI	Gene	147144043	147275608	.	+	.	MGI:1926884;Huwe1	chrX	oct24	exon	147247991	147248159	.	+	.	gene_id "CC199811"	0	0
3	3-44	n-m	169	chrX	MGI	GeneModel	147144043	147275608	.	+	.	59026	chrX	oct24	exon	147247991	147248159	.	+	.	gene_id "CC199811"	0	1
3	3-44	n-m	282	chrX	MGI	Gene	147144043	147275608	.	+	.	MGI:1926884;Huwe1	chrX	oct24	exon	147253617	147253898	.	+	.	gene_id "CL438683"	0	0
3	3-44	n-m	282	chrX	MGI	GeneModel	147144043	147275608	.	+	.	59026	chrX	oct24	exon	147253617	147253898	.	+	.	gene_id "CL438683"	0	1
3	3-44	n-m	75	chrX	MGI	Gene	147144043	147275608	.	+	.	MGI:1926884;Huwe1	chrX	oct24	exon	147256986	147257060	.	+	.	gene_id "CL015932"	0	0
3	3-44	n-m	75	chrX	MGI	GeneModel	147144043	147275608	.	+	.	59026	chrX	oct24	exon	147256986	147257060	.	+	.	gene_id "CL015932"	0	1
3	3-44	n-m	65	chrX	MGI	Gene	147144043	147275608	.	+	.	MGI:1926884;Huwe1	chrX	oct24	exon	147265412	147265476	.	+	.	gene_id "CZ595176"	0	0
3	3-44	n-m	65	chrX	MGI	GeneModel	147144043	147275608	.	+	.	59026	chrX	oct24	exon	147265412	147265476	.	+	.	gene_id "CZ595176"	0	1
3	3-44	n-m	68	chrX	MGI	Gene	147144043	147275608	.	+	.	MGI:1926884;Huwe1	chrX	oct24	exon	147265658	147265725	.	+	.	gene_id "CZ193725"	0	0
3	3-44	n-m	68	chrX	MGI	GeneModel	147144043	147275608	.	+	.	59026	chrX	oct24	exon	147265658	147265725	.	+	.	gene_id "CZ193725"	0	1
3	3-44	n-m	8	chrX	MGI	Gene	147144043	147275608	.	+	.	MGI:1926884;Huwe1	chrX	oct24	exon	147266689	147266696	.	+	.	gene_id "CL015915"	0	0
3	3-44	n-m	8	chrX	MGI	GeneModel	147144043	147275608	.	+	.	59026	chrX	oct24	exon	147266689	147266696	.	+	.	gene_id "CL015915"	0	1
3	3-44	n-m	263	chrX	MGI	Gene	147144043	147275608	.	+	.	MGI:1926884;Huwe1	chrX	oct24	exon	147266697	147266959	.	+	.	gene_id "CL015915"	0	0
3	3-44	n-m	263	chrX	MGI	GeneModel	147144043	147275608	.	+	.	59026	chrX	oct24	exon	147266697	147266959	.	+	.	gene_id "CL015915"	0	1
3	3-44	n-m	262	chrX	MGI	Gene	147144043	147275608	.	+	.	MGI:1926884;Huwe1	chrX	oct24	exon	147267849	147268110	.	+	.	gene_id "CZ192880"	0	0
3	3-44	n-m	262	chrX	MGI	GeneModel	147144043	147275608	.	+	.	59026	chrX	oct24	exon	147267849	147268110	.	+	.	gene_id "CZ192880"	0	1
3	3-44	n-m	123	chrX	MGI	Gene	147144043	147275608	.	+	.	MGI:1926884;Huwe1	chrX	oct24	exon	147267978	147268100	.	+	.	gene_id "CL438162"	0	0
3	3-44	n-m	123	chrX	MGI	GeneModel	147144043	147275608	.	+	.	59026	chrX	oct24	exon	147267978	147268100	.	+	.	gene_id "CL438162"	0	1
3	3-44	n-m	152	chrX	MGI	Gene	147144043	147275608	.	+	.	MGI:1926884;Huwe1	chrX	oct24	exon	147268104	147268255	.	+	.	gene_id "CL438162"	0	0
3	3-44	n-m	152	chrX	MGI	GeneModel	147144043	147275608	.	+	.	59026	chrX	oct24	exon	147268104	147268255	.	+	.	gene_id "CL438162"	0	1
3	3-44	n-m	12	chrX	MGI	Gene	147144043	147275608	.	+	.	MGI:1926884;Huwe1	chrX	oct24	exon	147268111	147268122	.	+	.	gene_id "CZ192880"	0	0
3	3-44	n-m	12	chrX	MGI	GeneModel	147144043	147275608	.	+	.	59026	chrX	oct24	exon	147268111	147268122	.	+	.	gene_id "CZ192880"	0	1
3	3-44	n-m	157	chrX	MGI	Gene	147144043	147275608	.	+	.	MGI:1926884;Huwe1	chrX	oct24	exon	147268346	147268502	.	+	.	gene_id "CZ595176"	0	0
3	3-44	n-m	157	chrX	MGI	GeneModel	147144043	147275608	.	+	.	59026	chrX	oct24	exon	147268346	147268502	.	+	.	gene_id "CZ595176"	0	1
3	3-44	n-m	125	chrX	MGI	Gene	147144043	147275608	.	+	.	MGI:1926884;Huwe1	chrX	oct24	exon	147268378	147268502	.	+	.	gene_id "CZ559385"	0	0
3	3-44	n-m	125	chrX	MGI	GeneModel	147144043	147275608	.	+	.	59026	chrX	oct24	exon	147268378	147268502	.	+	.	gene_id "CZ559385"	0	1
41	2-11	n-m	256	chrX	MGI	Gene	11193696	11237013	.	-	.	MGI:1918708;Bcor	chrX	oct24	exon	11203816	11204071	.	-	.	gene_id "CG785048"	0	0
41	2-11	n-m	256	chrX	MGI	GeneModel	11193696	11317314	.	-	.	ENSMUSG00000040363	chrX	oct24	exon	11203816	11204071	.	-	.	gene_id "CG785048"	0	1
41	2-11	n-m	169	chrX	MGI	Gene	11193696	11237013	.	-	.	MGI:1918708;Bcor	chrX	oct24	exon	11204381	11204549	.	-	.	gene_id "CG785048"	0	0
41	2-11	n-m	169	chrX	MGI	GeneModel	11193696	11317314	.	-	.	ENSMUSG00000040363	chrX	oct24	exon	11204381	11204549	.	-	.	gene_id "CG785048"	0	1
41	2-11	n-m	187	chrX	MGI	Gene	11193696	11237013	.	-	.	MGI:1918708;Bcor	chrX	oct24	exon	11211927	11212113	.	-	.	gene_id "CC183401"	0	0
41	2-11	n-m	187	chrX	MGI	GeneModel	11193696	11317314	.	-	.	ENSMUSG00000040363	chrX	oct24	exon	11211927	11212113	.	-	.	gene_id "CC183401"	0	1
41	2-11	n-m	187	chrX	MGI	Gene	11193696	11237013	.	-	.	MGI:1918708;Bcor	chrX	oct24	exon	11211927	11212113	.	-	.	gene_id "CC183433"	0	0
41	2-11	n-m	187	chrX	MGI	GeneModel	11193696	11317314	.	-	.	ENSMUSG00000040363	chrX	oct24	exon	11211927	11212113	.	-	.	gene_id "CC183433"	0	1
41	2-11	n-m	187	chrX	MGI	Gene	11193696	11237013	.	-	.	MGI:1918708;Bcor	chrX	oct24	exon	11211927	11212113	.	-	.	gene_id "DU636129"	0	0
41	2-11	n-m	187	chrX	MGI	GeneModel	11193696	11317314	.	-	.	ENSMUSG00000040363	chrX	oct24	exon	11211927	11212113	.	-	.	gene_id "DU636129"	0	1
41	2-11	n-m	189	chrX	MGI	Gene	11193696	11237013	.	-	.	MGI:1918708;Bcor	chrX	oct24	exon	11211927	11212115	.	-	.	gene_id "CL211733"	0	0
41	2-11	n-m	189	chrX	MGI	GeneModel	11193696	11317314	.	-	.	ENSMUSG00000040363	chrX	oct24	exon	11211927	11212115	.	-	.	gene_id "CL211733"	0	1
41	2-11	n-m	189	chrX	MGI	Gene	11193696	11237013	.	-	.	MGI:1918708;Bcor	chrX	oct24	exon	11211927	11212115	.	-	.	gene_id "CL213170"	0	0
41	2-11	n-m	189	chrX	MGI	GeneModel	11193696	11317314	.	-	.	ENSMUSG00000040363	chrX	oct24	exon	11211927	11212115	.	-	.	gene_id "CL213170"	0	1
41	2-11	n-m	54	chrX	MGI	Gene	11193696	11237013	.	-	.	MGI:1918708;Bcor	chrX	oct24	exon	11212597	11212650	.	-	.	gene_id "CC183401"	0	0
41	2-11	n-m	54	chrX	MGI	GeneModel	11193696	11317314	.	-	.	ENSMUSG00000040363	chrX	oct24	exon	11212597	11212650	.	-	.	gene_id "CC183401"	0	1
41	2-11	n-m	54	chrX	MGI	Gene	11193696	11237013	.	-	.	MGI:1918708;Bcor	chrX	oct24	exon	11212597	11212650	.	-	.	gene_id "CC183433"	0	0
41	2-11	n-m	54	chrX	MGI	GeneModel	11193696	11317314	.	-	.	ENSMUSG00000040363	chrX	oct24	exon	11212597	11212650	.	-	.	gene_id "CC183433"	0	1
41	2-11	n-m	54	chrX	MGI	Gene	11193696	11237013	.	-	.	MGI:1918708;Bcor	chrX	oct24	exon	11212597	11212650	.	-	.	gene_id "DU636129"	0	0
41	2-11	n-m	54	chrX	MGI	GeneModel	11193696	11317314	.	-	.	ENSMUSG00000040363	chrX	oct24	exon	11212597	11212650	.	-	.	gene_id "DU636129"	0	1
41	2-11	n-m	36	chrX	MGI	Gene	11193696	11237013	.	-	.	MGI:1918708;Bcor	chrX	oct24	exon	11212615	11212650	.	-	.	gene_id "CL211733"	0	0
41	2-11	n-m	36	chrX	MGI	GeneModel	11193696	11317314	.	-	.	ENSMUSG00000040363	chrX	oct24	exon	11212615	11212650	.	-	.	gene_id "CL211733"	0	1
41	2-11	n-m	44	chrX	MGI	Gene	11193696	11237013	.	-	.	MGI:1918708;Bcor	chrX	oct24	exon	11213302	11213345	.	-	.	gene_id "CL211733"	0	0
41	2-11	n-m	44	chrX	MGI	GeneModel	11193696	11317314	.	-	.	ENSMUSG00000040363	chrX	oct24	exon	11213302	11213345	.	-	.	gene_id "CL211733"	0	1
41	2-11	n-m	205	chrX	MGI	Gene	11193696	11237013	.	-	.	MGI:1918708;Bcor	chrX	oct24	exon	11213302	11213506	.	-	.	gene_id "DU636129"	0	0
41	2-11	n-m	205	chrX	MGI	GeneModel	11193696	11317314	.	-	.	ENSMUSG00000040363	chrX	oct24	exon	11213302	11213506	.	-	.	gene_id "DU636129"	0	1
41	2-11	n-m	213	chrX	MGI	Gene	11193696	11237013	.	-	.	MGI:1918708;Bcor	chrX	oct24	exon	11213302	11213514	.	-	.	gene_id "CC183401"	0	0
41	2-11	n-m	213	chrX	MGI	GeneModel	11193696	11317314	.	-	.	ENSMUSG00000040363	chrX	oct24	exon	11213302	11213514	.	-	.	gene_id "CC183401"	0	1
41	2-11	n-m	276	chrX	MGI	Gene	11193696	11237013	.	-	.	MGI:1918708;Bcor	chrX	oct24	exon	11213302	11213577	.	-	.	gene_id "CC183433"	0	0
41	2-11	n-m	276	chrX	MGI	GeneModel	11193696	11317314	.	-	.	ENSMUSG00000040363	chrX	oct24	exon	11213302	11213577	.	-	.	gene_id "CC183433"	0	1
41	2-11	n-m	52	chrX	MGI	GeneModel	11193696	11317314	.	-	.	ENSMUSG00000040363	chrX	oct24	exon	11285200	11285251	.	-	.	gene_id "CC156089"	0	1
41	2-11	n-m	162	chrX	MGI	GeneModel	11193696	11317314	.	-	.	ENSMUSG00000040363	chrX	oct24	exon	11285200	11285361	.	-	.	gene_id "CC178844"	0	1
41	2-11	n-m	158	chrX	MGI	GeneModel	11193696	11317314	.	-	.	ENSMUSG00000040363	chrX	oct24	exon	11285202	11285359	.	-	.	gene_id "CL650471"	0	1
41	2-11	n-m	157	chrX	MGI	GeneModel	11193696	11317314	.	-	.	ENSMUSG00000040363	chrX	oct24	exon	11285203	11285359	.	-	.	gene_id "CL650500"	0	1
41	2-11	n-m	110	chrX	MGI	GeneModel	11193696	11317314	.	-	.	ENSMUSG00000040363	chrX	oct24	exon	11285252	11285361	.	-	.	gene_id "CC156089"	0	1
41	2-11	n-m	68	chrX	MGI	GeneModel	11193696	11317314	.	-	.	ENSMUSG00000040363	chrX	oct24	exon	11317247	11317425	.	-	.	gene_id "DU132330"	0	1
87	2-2	n-m	23	chrX	MGI	Gene	131616691	131618322	.	+	.	MGI:1338016;Ngfrap1	chrX	oct24	exon	131616700	131616722	.	+	.	gene_id "DU823123"	0	0
87	2-2	n-m	16	chrX	MGI	GeneModel	131616707	131618330	.	+	.	12070	chrX	oct24	exon	131616700	131616722	.	+	.	gene_id "DU823123"	0	1
87	2-2	n-m	41	chrX	MGI	Gene	131616691	131618322	.	+	.	MGI:1338016;Ngfrap1	chrX	oct24	exon	131616724	131616764	.	+	.	gene_id "DU823123"	0	0
87	2-2	n-m	41	chrX	MGI	GeneModel	131616707	131618330	.	+	.	12070	chrX	oct24	exon	131616724	131616764	.	+	.	gene_id "DU823123"	0	1
87	2-2	n-m	73	chrX	MGI	Gene	131616691	131618322	.	+	.	MGI:1338016;Ngfrap1	chrX	oct24	exon	131617173	131617245	.	+	.	gene_id "DU823123"	0	0
87	2-2	n-m	73	chrX	MGI	GeneModel	131616707	131618330	.	+	.	12070	chrX	oct24	exon	131617173	131617245	.	+	.	gene_id "DU823123"	0	1
87	2-2	n-m	172	chrX	MGI	Gene	131616691	131618322	.	+	.	MGI:1338016;Ngfrap1	chrX	oct24	exon	131617389	131617560	.	+	.	gene_id "CL015805"	0	0
87	2-2	n-m	172	chrX	MGI	GeneModel	131616707	131618330	.	+	.	12070	chrX	oct24	exon	131617389	131617560	.	+	.	gene_id "CL015805"	0	1
