147	2-1	n-1	29	chrX	MGI	Gene	131089056	131093684	.	+	.	MGI:2148026;Armcx5	chrX	oct24	exon	131089313	131089341	.	+	.	gene_id "CZ265998"	0	0
147	2-1	n-1	29	chrX	MGI	Gene	131089056	131149832	.	+	.	MGI:1917418;Gprasp1	chrX	oct24	exon	131089313	131089341	.	+	.	gene_id "CZ265998"	0	0
147	2-1	n-1	77	chrX	MGI	Gene	131089056	131093684	.	+	.	MGI:2148026;Armcx5	chrX	oct24	exon	131090862	131090938	.	+	.	gene_id "CZ265998"	0	0
147	2-1	n-1	77	chrX	MGI	Gene	131089056	131149832	.	+	.	MGI:1917418;Gprasp1	chrX	oct24	exon	131090862	131090938	.	+	.	gene_id "CZ265998"	0	0
147	2-1	n-1	127	chrX	MGI	Gene	131089056	131149832	.	+	.	MGI:1917418;Gprasp1	chrX	oct24	exon	131095019	131095145	.	+	.	gene_id "CZ265998"	0	0
147	2-1	n-1	73	chrX	MGI	Gene	131089056	131149832	.	+	.	MGI:1917418;Gprasp1	chrX	oct24	exon	131098308	131098380	.	+	.	gene_id "CZ265998"	0	0
147	2-1	n-1	12	chrX	MGI	Gene	131089056	131149832	.	+	.	MGI:1917418;Gprasp1	chrX	oct24	exon	131108092	131108103	.	+	.	gene_id "CZ265998"	0	0
147	2-1	n-1	4	chrX	MGI	Gene	131089056	131149832	.	+	.	MGI:1917418;Gprasp1	chrX	oct24	exon	131108105	131108108	.	+	.	gene_id "CZ265998"	0	0
147	2-1	n-1	46	chrX	MGI	Gene	131089056	131149832	.	+	.	MGI:1917418;Gprasp1	chrX	oct24	exon	131108110	131108155	.	+	.	gene_id "CZ265998"	0	0
147	2-1	n-1	10	chrX	MGI	Gene	131089056	131149832	.	+	.	MGI:1917418;Gprasp1	chrX	oct24	exon	131108156	131108165	.	+	.	gene_id "CZ265998"	0	0
147	2-1	n-1	39	chrX	MGI	Gene	131089056	131149832	.	+	.	MGI:1917418;Gprasp1	chrX	oct24	exon	131108167	131108205	.	+	.	gene_id "CZ265998"	0	0
89	2-1	n-1	42	chrX	MGI	Gene	108428302	108489698	.	+	.	MGI:1915367;9430083G14Rik	chrX	oct24	exon	108428338	108428379	.	+	.	gene_id "DX573936"	0	0
89	2-1	n-1	28	chrX	MGI	GeneModel	108428352	108489374	.	+	.	68117	chrX	oct24	exon	108428338	108428379	.	+	.	gene_id "DX573936"	0	1
89	2-1	n-1	120	chrX	MGI	Gene	108428302	108489698	.	+	.	MGI:1915367;9430083G14Rik	chrX	oct24	exon	108463181	108463300	.	+	.	gene_id "DX573936"	0	0
89	2-1	n-1	120	chrX	MGI	GeneModel	108428352	108489374	.	+	.	68117	chrX	oct24	exon	108463181	108463300	.	+	.	gene_id "DX573936"	0	1
89	2-1	n-1	55	chrX	MGI	Gene	108428302	108489698	.	+	.	MGI:1915367;9430083G14Rik	chrX	oct24	exon	108466744	108466798	.	+	.	gene_id "DX573936"	0	0
89	2-1	n-1	55	chrX	MGI	GeneModel	108428352	108489374	.	+	.	68117	chrX	oct24	exon	108466744	108466798	.	+	.	gene_id "DX573936"	0	1
89	2-1	n-1	99	chrX	MGI	Gene	108428302	108489698	.	+	.	MGI:1915367;9430083G14Rik	chrX	oct24	exon	108468243	108468341	.	+	.	gene_id "DX573936"	0	0
89	2-1	n-1	99	chrX	MGI	GeneModel	108428352	108489374	.	+	.	68117	chrX	oct24	exon	108468243	108468341	.	+	.	gene_id "DX573936"	0	1
89	2-1	n-1	92	chrX	MGI	Gene	108428302	108489698	.	+	.	MGI:1915367;9430083G14Rik	chrX	oct24	exon	108471104	108471195	.	+	.	gene_id "DX573936"	0	0
89	2-1	n-1	92	chrX	MGI	GeneModel	108428352	108489374	.	+	.	68117	chrX	oct24	exon	108471104	108471195	.	+	.	gene_id "DX573936"	0	1
