10	1-1	1-1	186	chrX	MGI	GeneModel	9194936	9373697	.	-	.	ENSMUSG00000031174	chrX	oct24	exon	9294315	9294500	.	-	.	gene_id "CL213166"	0	1
101	1-1	1-1	22	chrX	MGI	Gene	148480697	148512658	.	+	.	MGI:3038613;Rragb	chrX	oct24	exon	148494434	148494455	.	+	.	gene_id "CZ191946"	0	0
101	1-1	1-1	7	chrX	MGI	Gene	148480697	148512658	.	+	.	MGI:3038613;Rragb	chrX	oct24	exon	148494456	148494462	.	+	.	gene_id "CZ191946"	0	0
101	1-1	1-1	39	chrX	MGI	Gene	148480697	148512658	.	+	.	MGI:3038613;Rragb	chrX	oct24	exon	148494465	148494503	.	+	.	gene_id "CZ191946"	0	0
101	1-1	1-1	213	chrX	MGI	Gene	148480697	148512658	.	+	.	MGI:3038613;Rragb	chrX	oct24	exon	148494504	148494716	.	+	.	gene_id "CZ191946"	0	0
103	1-1	1-1	379	chrX	MGI	Gene	147573988	147614512	.	+	.	MGI:99781;Jarid1c	chrX	oct24	exon	147574047	147574425	.	+	.	gene_id "CZ294080"	0	0
106	1-1	1-1	173	chrX	MGI	GeneModel	44547494	44559340	.	-	.	637576	chrX	oct24	exon	44549521	44549693	.	-	.	gene_id "CZ193382"	0	1
108	1-1	1-1	84	chrX	MGI	Gene	136957366	136971585	.	-	.	MGI:1338009;Irs4	chrX	oct24	exon	136959843	136959926	.	-	.	gene_id "CW916968"	0	0
109	1-1	1-1	191	chrX	MGI	Gene	157756059	157987706	.	-	.	MGI:2663511;Reps2	chrX	oct24	exon	157761525	157761715	.	-	.	gene_id "CL458949"	0	0
109	1-1	1-1	106	chrX	MGI	Gene	157756059	157987706	.	-	.	MGI:2663511;Reps2	chrX	oct24	exon	157771757	157771862	.	-	.	gene_id "CL458949"	0	0
109	1-1	1-1	146	chrX	MGI	Gene	157756059	157987706	.	-	.	MGI:2663511;Reps2	chrX	oct24	exon	157782752	157782897	.	-	.	gene_id "CL458949"	0	0
109	1-1	1-1	79	chrX	MGI	Gene	157756059	157987706	.	-	.	MGI:2663511;Reps2	chrX	oct24	exon	157785141	157785219	.	-	.	gene_id "CL458949"	0	0
109	1-1	1-1	4	chrX	MGI	Gene	157756059	157987706	.	-	.	MGI:2663511;Reps2	chrX	oct24	exon	157785221	157785224	.	-	.	gene_id "CL458949"	0	0
110	1-1	1-1	457	chrX	MGI	Gene	157180373	157503895	.	-	.	MGI:2684894;Nhs	chrX	oct24	exon	157503033	157503489	.	-	.	gene_id "DX562449"	0	0
112	1-1	1-1	49	chrX	MGI	Gene	49035827	49044095	.	+	.	MGI:3588225;6330534C20Rik	chrX	oct24	exon	49042701	49042749	.	+	.	gene_id "CW917397"	0	0
112	1-1	1-1	118	chrX	MGI	Gene	49035827	49044095	.	+	.	MGI:3588225;6330534C20Rik	chrX	oct24	exon	49042750	49042867	.	+	.	gene_id "CW917397"	0	0
112	1-1	1-1	5	chrX	MGI	Gene	49035827	49044095	.	+	.	MGI:3588225;6330534C20Rik	chrX	oct24	exon	49042868	49042872	.	+	.	gene_id "CW917397"	0	0
112	1-1	1-1	89	chrX	MGI	Gene	49035827	49044095	.	+	.	MGI:3588225;6330534C20Rik	chrX	oct24	exon	49042898	49042986	.	+	.	gene_id "CW917397"	0	0
112	1-1	1-1	25	chrX	MGI	Gene	49035827	49044095	.	+	.	MGI:3588225;6330534C20Rik	chrX	oct24	exon	49042987	49043011	.	+	.	gene_id "CW917397"	0	0
113	1-1	1-1	23	chrX	MGI	Gene	70507559	70513529	.	+	.	MGI:108117;Emd	chrX	oct24	exon	70507500	70507581	.	+	.	gene_id "CL016097"	0	0
113	1-1	1-1	146	chrX	MGI	Gene	70507559	70513529	.	+	.	MGI:108117;Emd	chrX	oct24	exon	70507582	70507727	.	+	.	gene_id "CL016097"	0	0
114	1-1	1-1	30	chrX	MGI	GeneModel	32644950	32645580	.	-	.	547166	chrX	oct24	exon	32645500	32645529	.	-	.	gene_id "CC325364"	0	1
117	1-1	1-1	79	chrX	MGI	Gene	49488061	49513658	.	-	.	MGI:1926005;4632404H22Rik	chrX	oct24	exon	49510667	49510745	.	-	.	gene_id "CW990425"	0	0
117	1-1	1-1	157	chrX	MGI	Gene	49488061	49513658	.	-	.	MGI:1926005;4632404H22Rik	chrX	oct24	exon	49513502	49513788	.	-	.	gene_id "CW990425"	0	0
121	1-1	1-1	73	chrX	MGI	Gene	67471323	67575845	.	+	.	MGI:1099452;Mtm1	chrX	oct24	exon	67520309	67520381	.	+	.	gene_id "CC325593"	0	0
121	1-1	1-1	84	chrX	MGI	Gene	67471323	67575845	.	+	.	MGI:1099452;Mtm1	chrX	oct24	exon	67545156	67545239	.	+	.	gene_id "CC325593"	0	0
121	1-1	1-1	150	chrX	MGI	Gene	67471323	67575845	.	+	.	MGI:1099452;Mtm1	chrX	oct24	exon	67547707	67547856	.	+	.	gene_id "CC325593"	0	0
121	1-1	1-1	189	chrX	MGI	Gene	67471323	67575845	.	+	.	MGI:1099452;Mtm1	chrX	oct24	exon	67552304	67552492	.	+	.	gene_id "CC325593"	0	0
121	1-1	1-1	111	chrX	MGI	Gene	67471323	67575845	.	+	.	MGI:1099452;Mtm1	chrX	oct24	exon	67556719	67556829	.	+	.	gene_id "CC325593"	0	0
121	1-1	1-1	6	chrX	MGI	Gene	67471323	67575845	.	+	.	MGI:1099452;Mtm1	chrX	oct24	exon	67556831	67556836	.	+	.	gene_id "CC325593"	0	0
121	1-1	1-1	58	chrX	MGI	Gene	67471323	67575845	.	+	.	MGI:1099452;Mtm1	chrX	oct24	exon	67556845	67556902	.	+	.	gene_id "CC325593"	0	0
127	1-1	1-1	164	chrX	MGI	Gene	146323851	146357960	.	-	.	MGI:2448557;Gnl3l	chrX	oct24	exon	146333802	146333965	.	-	.	gene_id "CZ192894"	0	0
128	1-1	1-1	6	chrX	MGI	Gene	132917913	134193319	.	+	.	MGI:1913106;Il1rapl2	chrX	oct24	exon	134162676	134162681	.	+	.	gene_id "CZ594934"	0	0
128	1-1	1-1	237	chrX	MGI	Gene	132917913	134193319	.	+	.	MGI:1913106;Il1rapl2	chrX	oct24	exon	134162683	134162919	.	+	.	gene_id "CZ594934"	0	0
129	1-1	1-1	303	chrX	MGI	Gene	7302390	7302692	.	+	.	MGI:1917476;2900002K06Rik	chrX	oct24	exon	7302315	7302759	.	+	.	gene_id "ED033720"	0	0
131	1-1	1-1	113	chrX	MGI	Gene	70620121	70621247	.	-	.	MGI:95049;Ubl4	chrX	oct24	exon	70621135	70621249	.	-	.	gene_id "BZ689992"	0	0
132	1-1	1-1	88	chrX	MGI	Gene	6998790	7031819	.	+	.	MGI:1859615;Otud5	chrX	oct24	exon	6999491	6999578	.	+	.	gene_id "BZ690784"	0	0
132	1-1	1-1	81	chrX	MGI	Gene	6998790	7031819	.	+	.	MGI:1859615;Otud5	chrX	oct24	exon	6999588	6999668	.	+	.	gene_id "BZ690784"	0	0
132	1-1	1-1	67	chrX	MGI	Gene	6998790	7031819	.	+	.	MGI:1859615;Otud5	chrX	oct24	exon	7013262	7013328	.	+	.	gene_id "BZ690784"	0	0
134	1-1	1-1	383	chrX	MGI	Gene	6568776	6602102	.	-	.	MGI:1922859;2010204K13Rik	chrX	oct24	exon	6569107	6569489	.	-	.	gene_id "CL569095"	0	0
135	1-1	1-1	74	chrX	MGI	Gene	158200957	158232536	.	-	.	MGI:1914293;Syap1	chrX	oct24	exon	158222435	158222508	.	-	.	gene_id "CZ258746"	0	0
135	1-1	1-1	67	chrX	MGI	Gene	158200957	158232536	.	-	.	MGI:1914293;Syap1	chrX	oct24	exon	158226784	158226850	.	-	.	gene_id "CZ258746"	0	0
135	1-1	1-1	119	chrX	MGI	Gene	158200957	158232536	.	-	.	MGI:1914293;Syap1	chrX	oct24	exon	158227072	158227190	.	-	.	gene_id "CZ258746"	0	0
135	1-1	1-1	97	chrX	MGI	Gene	158200957	158232536	.	-	.	MGI:1914293;Syap1	chrX	oct24	exon	158232173	158232269	.	-	.	gene_id "CZ258746"	0	0
135	1-1	1-1	53	chrX	MGI	Gene	158200957	158232536	.	-	.	MGI:1914293;Syap1	chrX	oct24	exon	158232275	158232327	.	-	.	gene_id "CZ258746"	0	0
136	1-1	1-1	20	chrX	MGI	Gene	150603226	150638364	.	+	.	MGI:1928939;Acot9	chrX	oct24	exon	150604852	150604871	.	+	.	gene_id "CL438475"	0	0
136	1-1	1-1	9	chrX	MGI	Gene	150603226	150638364	.	+	.	MGI:1928939;Acot9	chrX	oct24	exon	150604872	150604880	.	+	.	gene_id "CL438475"	0	0
136	1-1	1-1	66	chrX	MGI	Gene	150603226	150638364	.	+	.	MGI:1928939;Acot9	chrX	oct24	exon	150604881	150604946	.	+	.	gene_id "CL438475"	0	0
136	1-1	1-1	143	chrX	MGI	Gene	150603226	150638364	.	+	.	MGI:1928939;Acot9	chrX	oct24	exon	150604947	150605089	.	+	.	gene_id "CL438475"	0	0
138	1-1	1-1	4	chrX	MGI	Gene	155846795	155935827	.	+	.	MGI:97577;Phka2	chrX	oct24	exon	155928560	155928563	.	+	.	gene_id "CL525256"	0	0
138	1-1	1-1	58	chrX	MGI	Gene	155846795	155935827	.	+	.	MGI:97577;Phka2	chrX	oct24	exon	155928564	155928621	.	+	.	gene_id "CL525256"	0	0
138	1-1	1-1	171	chrX	MGI	Gene	155846795	155935827	.	+	.	MGI:97577;Phka2	chrX	oct24	exon	155930883	155931053	.	+	.	gene_id "CL525256"	0	0
139	1-1	1-1	105	chrX	MGI	Gene	11836708	11919032	.	-	.	MGI:1349442;Crsp2	chrX	oct24	exon	11911066	11911170	.	-	.	gene_id "CL214665"	0	0
139	1-1	1-1	27	chrX	MGI	Gene	11836708	11919032	.	-	.	MGI:1349442;Crsp2	chrX	oct24	exon	11913387	11913413	.	-	.	gene_id "CL214665"	0	0
139	1-1	1-1	54	chrX	MGI	Gene	11836708	11919032	.	-	.	MGI:1349442;Crsp2	chrX	oct24	exon	11918425	11918478	.	-	.	gene_id "CL214665"	0	0
140	1-1	1-1	45	chrX	MGI	Gene	34071674	34074480	.	+	.	MGI:1202888;Rhox6	chrX	oct24	exon	34073042	34073086	.	+	.	gene_id "CG782990"	0	0
140	1-1	1-1	230	chrX	MGI	Gene	34071674	34074480	.	+	.	MGI:1202888;Rhox6	chrX	oct24	exon	34074250	34074479	.	+	.	gene_id "CG782990"	0	0
141	1-1	1-1	64	chrX	MGI	Gene	20108624	20118937	.	-	.	MGI:1277988;Uxt	chrX	oct24	exon	20109166	20109229	.	-	.	gene_id "DU709410"	0	0
141	1-1	1-1	108	chrX	MGI	Gene	20108624	20118937	.	-	.	MGI:1277988;Uxt	chrX	oct24	exon	20116316	20116423	.	-	.	gene_id "DU709410"	0	0
141	1-1	1-1	70	chrX	MGI	Gene	20108624	20118937	.	-	.	MGI:1277988;Uxt	chrX	oct24	exon	20116693	20116762	.	-	.	gene_id "DU709410"	0	0
141	1-1	1-1	11	chrX	MGI	Gene	20108624	20118937	.	-	.	MGI:1277988;Uxt	chrX	oct24	exon	20116908	20116918	.	-	.	gene_id "DU709410"	0	0
142	1-1	1-1	125	chrX	MGI	Gene	160280274	160324480	.	-	.	MGI:1924013;Mospd2	chrX	oct24	exon	160295955	160296079	.	-	.	gene_id "CL256528"	0	0
142	1-1	1-1	39	chrX	MGI	Gene	160280274	160324480	.	-	.	MGI:1924013;Mospd2	chrX	oct24	exon	160300583	160300621	.	-	.	gene_id "CL256528"	0	0
142	1-1	1-1	61	chrX	MGI	Gene	160280274	160324480	.	-	.	MGI:1924013;Mospd2	chrX	oct24	exon	160302860	160302920	.	-	.	gene_id "CL256528"	0	0
142	1-1	1-1	155	chrX	MGI	Gene	160280274	160324480	.	-	.	MGI:1924013;Mospd2	chrX	oct24	exon	160306156	160306310	.	-	.	gene_id "CL256528"	0	0
142	1-1	1-1	88	chrX	MGI	Gene	160280274	160324480	.	-	.	MGI:1924013;Mospd2	chrX	oct24	exon	160308031	160308118	.	-	.	gene_id "CL256528"	0	0
143	1-1	1-1	109	chrX	MGI	Gene	135802977	135822503	.	+	.	MGI:97775;Prps1	chrX	oct24	exon	135818412	135818520	.	+	.	gene_id "CL866331"	0	0
143	1-1	1-1	160	chrX	MGI	Gene	135802977	135822503	.	+	.	MGI:97775;Prps1	chrX	oct24	exon	135820142	135820301	.	+	.	gene_id "CL866331"	0	0
144	1-1	1-1	83	chrX	MGI	Gene	69892161	69896240	.	+	.	MGI:2387107;Dusp9	chrX	oct24	exon	69892278	69892360	.	+	.	gene_id "DU822498"	0	0
145	1-1	1-1	157	chrX	MGI	Gene	47631840	47925107	.	-	.	MGI:1354959;Hs6st2	chrX	oct24	exon	47717740	47717896	.	-	.	gene_id "CZ404223"	0	0
145	1-1	1-1	19	chrX	MGI	Gene	47631840	47925107	.	-	.	MGI:1354959;Hs6st2	chrX	oct24	exon	47717897	47717915	.	-	.	gene_id "CZ404223"	0	0
145	1-1	1-1	16	chrX	MGI	Gene	47631840	47925107	.	-	.	MGI:1354959;Hs6st2	chrX	oct24	exon	47717916	47717931	.	-	.	gene_id "CZ404223"	0	0
146	1-1	1-1	216	chrX	MGI	Gene	107692148	107814023	.	-	.	MGI:2685226;D030011N01Rik	chrX	oct24	exon	107776582	107776797	.	-	.	gene_id "DU635652"	0	0
146	1-1	1-1	17	chrX	MGI	Gene	107692148	107814023	.	-	.	MGI:2685226;D030011N01Rik	chrX	oct24	exon	107776799	107776815	.	-	.	gene_id "DU635652"	0	0
148	1-1	1-1	159	chrX	MGI	Gene	162551199	162553323	.	-	.	MGI:99510;Tmsb4x	chrX	oct24	exon	162551778	162551936	.	-	.	gene_id "BH911945"	0	0
149	1-1	1-1	121	chrX	MGI	Gene	100741269	100873522	.	-	.	MGI:1915336;Zdhhc15	chrX	oct24	exon	100791019	100791139	.	-	.	gene_id "CW989276"	0	0
149	1-1	1-1	95	chrX	MGI	Gene	100741269	100873522	.	-	.	MGI:1915336;Zdhhc15	chrX	oct24	exon	100800810	100800904	.	-	.	gene_id "CW989276"	0	0
149	1-1	1-1	27	chrX	MGI	Gene	100741269	100873522	.	-	.	MGI:1915336;Zdhhc15	chrX	oct24	exon	100835302	100835328	.	-	.	gene_id "CW989276"	0	0
149	1-1	1-1	16	chrX	MGI	Gene	100741269	100873522	.	-	.	MGI:1915336;Zdhhc15	chrX	oct24	exon	100873382	100873397	.	-	.	gene_id "CW989276"	0	0
149	1-1	1-1	88	chrX	MGI	Gene	100741269	100873522	.	-	.	MGI:1915336;Zdhhc15	chrX	oct24	exon	100873414	100873501	.	-	.	gene_id "CW989276"	0	0
150	1-1	1-1	91	chrX	MGI	Gene	6310769	6476317	.	-	.	MGI:99486;Clcn5	chrX	oct24	exon	6473661	6473751	.	-	.	gene_id "DU132442"	0	0
150	1-1	1-1	11	chrX	MGI	Gene	6310769	6476317	.	-	.	MGI:99486;Clcn5	chrX	oct24	exon	6475360	6475370	.	-	.	gene_id "DU132442"	0	0
150	1-1	1-1	5	chrX	MGI	Gene	6310769	6476317	.	-	.	MGI:99486;Clcn5	chrX	oct24	exon	6475371	6475375	.	-	.	gene_id "DU132442"	0	0
150	1-1	1-1	71	chrX	MGI	Gene	6310769	6476317	.	-	.	MGI:99486;Clcn5	chrX	oct24	exon	6475377	6475447	.	-	.	gene_id "DU132442"	0	0
151	1-1	1-1	22	chrX	MGI	Gene	71669420	71706717	.	+	.	MGI:2389572;Brcc3	chrX	oct24	exon	71688892	71688913	.	+	.	gene_id "CZ906299"	0	0
151	1-1	1-1	54	chrX	MGI	Gene	71669420	71706717	.	+	.	MGI:2389572;Brcc3	chrX	oct24	exon	71690655	71690708	.	+	.	gene_id "CZ906299"	0	0
151	1-1	1-1	4	chrX	MGI	Gene	71669420	71706717	.	+	.	MGI:2389572;Brcc3	chrX	oct24	exon	71690710	71690713	.	+	.	gene_id "CZ906299"	0	0
153	1-1	1-1	256	chrX	MGI	Gene	134702250	134705684	.	+	.	MGI:3646568;EG666359	chrX	oct24	exon	134705327	134705582	.	+	.	gene_id "CL015866"	0	0
154	1-1	1-1	67	chrX	MGI	Gene	34875418	34879736	.	-	.	MGI:1913493;C1galt1c1	chrX	oct24	exon	34879604	34879670	.	-	.	gene_id "CL211084"	0	0
156	1-1	1-1	131	chrX	MGI	Gene	150664637	150679183	.	-	.	MGI:1859815;Prdx4	chrX	oct24	exon	150669161	150669291	.	-	.	gene_id "CZ294785"	0	0
156	1-1	1-1	123	chrX	MGI	Gene	150664637	150679183	.	-	.	MGI:1859815;Prdx4	chrX	oct24	exon	150671018	150671140	.	-	.	gene_id "CZ294785"	0	0
156	1-1	1-1	117	chrX	MGI	Gene	150664637	150679183	.	-	.	MGI:1859815;Prdx4	chrX	oct24	exon	150673071	150673187	.	-	.	gene_id "CZ294785"	0	0
156	1-1	1-1	116	chrX	MGI	Gene	150664637	150679183	.	-	.	MGI:1859815;Prdx4	chrX	oct24	exon	150675553	150675668	.	-	.	gene_id "CZ294785"	0	0
159	1-1	1-1	23	chrX	MGI	Gene	97942624	97972003	.	+	.	MGI:3645088;EG668296	chrX	oct24	exon	97971651	97971673	.	+	.	gene_id "CL422902"	0	0
159	1-1	1-1	72	chrX	MGI	Gene	97942624	97972003	.	+	.	MGI:3645088;EG668296	chrX	oct24	exon	97971678	97971749	.	+	.	gene_id "CL422902"	0	0
159	1-1	1-1	23	chrX	MGI	Gene	97942624	97972003	.	+	.	MGI:3645088;EG668296	chrX	oct24	exon	97971750	97971772	.	+	.	gene_id "CL422902"	0	0
160	1-1	1-1	63	chrX	MGI	Gene	146861897	146974573	.	+	.	MGI:2444341;Phf8	chrX	oct24	exon	146863229	146863291	.	+	.	gene_id "DU635724"	0	0
161	1-1	1-1	197	chrX	MGI	Gene	69250502	69284232	.	+	.	MGI:108095;Zfp185	chrX	oct24	exon	69261216	69261412	.	+	.	gene_id "CZ193146"	0	0
161	1-1	1-1	6	chrX	MGI	Gene	69250502	69284232	.	+	.	MGI:108095;Zfp185	chrX	oct24	exon	69261413	69261418	.	+	.	gene_id "CZ193146"	0	0
161	1-1	1-1	23	chrX	MGI	Gene	69250502	69284232	.	+	.	MGI:108095;Zfp185	chrX	oct24	exon	69261420	69261442	.	+	.	gene_id "CZ193146"	0	0
162	1-1	1-1	107	chrX	MGI	Gene	102409593	102422352	.	-	.	MGI:3039562;Taf9b	chrX	oct24	exon	102412429	102412535	.	-	.	gene_id "CC325446"	0	0
162	1-1	1-1	70	chrX	MGI	Gene	102409593	102422352	.	-	.	MGI:3039562;Taf9b	chrX	oct24	exon	102418845	102418914	.	-	.	gene_id "CC325446"	0	0
162	1-1	1-1	135	chrX	MGI	Gene	102409593	102422352	.	-	.	MGI:3039562;Taf9b	chrX	oct24	exon	102420815	102420949	.	-	.	gene_id "CC325446"	0	0
162	1-1	1-1	137	chrX	MGI	Gene	102409593	102422352	.	-	.	MGI:3039562;Taf9b	chrX	oct24	exon	102421028	102421164	.	-	.	gene_id "CC325446"	0	0
162	1-1	1-1	82	chrX	MGI	Gene	102409593	102422352	.	-	.	MGI:3039562;Taf9b	chrX	oct24	exon	102421614	102421695	.	-	.	gene_id "CC325446"	0	0
162	1-1	1-1	56	chrX	MGI	Gene	102409593	102422352	.	-	.	MGI:3039562;Taf9b	chrX	oct24	exon	102422297	102422357	.	-	.	gene_id "CC325446"	0	0
163	1-1	1-1	187	chrX	MGI	Gene	19860891	19877498	.	+	.	MGI:2384312;Usp11	chrX	oct24	exon	19860892	19861078	.	+	.	gene_id "CL214462"	0	0
164	1-1	1-1	63	chrX	MGI	Gene	70169595	70174633	.	-	.	MGI:1915255;Ard1	chrX	oct24	exon	70170562	70170624	.	-	.	gene_id "DU820776"	0	0
164	1-1	1-1	22	chrX	MGI	Gene	70169595	70174633	.	-	.	MGI:1915255;Ard1	chrX	oct24	exon	70170625	70170646	.	-	.	gene_id "DU820776"	0	0
164	1-1	1-1	5	chrX	MGI	Gene	70169595	70174633	.	-	.	MGI:1915255;Ard1	chrX	oct24	exon	70170836	70170840	.	-	.	gene_id "DU820776"	0	0
164	1-1	1-1	40	chrX	MGI	Gene	70169595	70174633	.	-	.	MGI:1915255;Ard1	chrX	oct24	exon	70172226	70172265	.	-	.	gene_id "DU820776"	0	0
164	1-1	1-1	14	chrX	MGI	Gene	70169595	70174633	.	-	.	MGI:1915255;Ard1	chrX	oct24	exon	70172473	70172486	.	-	.	gene_id "DU820776"	0	0
164	1-1	1-1	75	chrX	MGI	Gene	70169595	70174633	.	-	.	MGI:1915255;Ard1	chrX	oct24	exon	70172487	70172561	.	-	.	gene_id "DU820776"	0	0
164	1-1	1-1	20	chrX	MGI	Gene	70169595	70174633	.	-	.	MGI:1915255;Ard1	chrX	oct24	exon	70172686	70172705	.	-	.	gene_id "DU820776"	0	0
164	1-1	1-1	6	chrX	MGI	Gene	70169595	70174633	.	-	.	MGI:1915255;Ard1	chrX	oct24	exon	70172706	70172711	.	-	.	gene_id "DU820776"	0	0
164	1-1	1-1	12	chrX	MGI	Gene	70169595	70174633	.	-	.	MGI:1915255;Ard1	chrX	oct24	exon	70172716	70172727	.	-	.	gene_id "DU820776"	0	0
165	1-1	1-1	115	chrX	MGI	Gene	71767033	71787655	.	+	.	MGI:1333804;Vbp1	chrX	oct24	exon	71767028	71767147	.	+	.	gene_id "CW990544"	0	0
165	1-1	1-1	95	chrX	MGI	Gene	71767033	71787655	.	+	.	MGI:1333804;Vbp1	chrX	oct24	exon	71769808	71769902	.	+	.	gene_id "CW990544"	0	0
166	1-1	1-1	199	chrX	MGI	Gene	161735041	161784660	.	-	.	MGI:1350328;Ofd1	chrX	oct24	exon	161779441	161779639	.	-	.	gene_id "CC326032"	0	0
166	1-1	1-1	99	chrX	MGI	Gene	161735041	161784660	.	-	.	MGI:1350328;Ofd1	chrX	oct24	exon	161784133	161784231	.	-	.	gene_id "CC326032"	0	0
166	1-1	1-1	10	chrX	MGI	Gene	161735041	161784660	.	-	.	MGI:1350328;Ofd1	chrX	oct24	exon	161784384	161784393	.	-	.	gene_id "CC326032"	0	0
167	1-1	1-1	222	chrX	MGI	Gene	33619046	33622609	.	-	.	MGI:1929511;Ndufa1	chrX	oct24	exon	33622125	33622346	.	-	.	gene_id "CL212713"	0	0
168	1-1	1-1	72	chrX	MGI	Gene	52932296	52944730	.	-	.	MGI:2384305;Tmem32	chrX	oct24	exon	52944568	52944639	.	-	.	gene_id "BZ690741"	0	0
168	1-1	1-1	8	chrX	MGI	Gene	52932296	52944730	.	-	.	MGI:2384305;Tmem32	chrX	oct24	exon	52944640	52944647	.	-	.	gene_id "BZ690741"	0	0
168	1-1	1-1	47	chrX	MGI	Gene	52932296	52944730	.	-	.	MGI:2384305;Tmem32	chrX	oct24	exon	52944654	52944700	.	-	.	gene_id "BZ690741"	0	0
17	1-1	1-1	135	chrX	MGI	Gene	135409243	135453161	.	+	.	MGI:3607720;E230019M04Rik	chrX	oct24	exon	135452268	135452402	.	+	.	gene_id "CW917175"	0	0
19	1-1	1-1	224	chrX	MGI	Gene	19772285	19774513	.	-	.	MGI:1349919;Ndufb11	chrX	oct24	exon	19774018	19774241	.	-	.	gene_id "CZ294806"	0	0
2	1-1	1-1	183	chrX	MGI	Gene	149064655	149082011	.	+	.	MGI:1917373;2210013O21Rik	chrX	oct24	exon	149081825	149082007	.	+	.	gene_id "CZ595040"	0	0
21	1-1	1-1	34	chrX	MGI	Gene	6946954	6977522	.	+	.	MGI:1859616;Gripap1	chrX	oct24	exon	6969953	6969986	.	+	.	gene_id "CL440858"	0	0
21	1-1	1-1	291	chrX	MGI	Gene	6946954	6977522	.	+	.	MGI:1859616;Gripap1	chrX	oct24	exon	6969988	6970278	.	+	.	gene_id "CL440858"	0	0
31	1-1	1-1	36	chrX	MGI	Gene	44939631	44955346	.	+	.	MGI:1919414;Rbmx2	chrX	oct24	exon	44953664	44953699	.	+	.	gene_id "CG672166"	0	0
31	1-1	1-1	243	chrX	MGI	Gene	44939631	44955346	.	+	.	MGI:1919414;Rbmx2	chrX	oct24	exon	44954202	44954444	.	+	.	gene_id "CG672166"	0	0
32	1-1	1-1	213	chrX	MGI	Gene	134956984	135019499	.	+	.	MGI:1914139;Rnf128	chrX	oct24	exon	134995984	134996196	.	+	.	gene_id "CZ595039"	0	0
32	1-1	1-1	10	chrX	MGI	Gene	134956984	135019499	.	+	.	MGI:1914139;Rnf128	chrX	oct24	exon	134996198	134996207	.	+	.	gene_id "CZ595039"	0	0
32	1-1	1-1	29	chrX	MGI	Gene	134956984	135019499	.	+	.	MGI:1914139;Rnf128	chrX	oct24	exon	134996222	134996250	.	+	.	gene_id "CZ595039"	0	0
33	1-1	1-1	22	chrX	MGI	Gene	152788059	152836139	.	-	.	MGI:109490;Sms	chrX	oct24	exon	152827784	152827805	.	-	.	gene_id "CC326017"	0	0
33	1-1	1-1	131	chrX	MGI	Gene	152788059	152836139	.	-	.	MGI:109490;Sms	chrX	oct24	exon	152836009	152836149	.	-	.	gene_id "CC326017"	0	0
34	1-1	1-1	113	chrX	MGI	Gene	64939220	64978630	.	+	.	MGI:95564;Fmr1	chrX	oct24	exon	64963079	64963191	.	+	.	gene_id "CL016081"	0	0
34	1-1	1-1	31	chrX	MGI	Gene	64939220	64978630	.	+	.	MGI:95564;Fmr1	chrX	oct24	exon	64963192	64963222	.	+	.	gene_id "CL016081"	0	0
40	1-1	1-1	31	chrX	MGI	Gene	19815380	19840138	.	+	.	MGI:98890;Ube1x	chrX	oct24	exon	19815546	19815576	.	+	.	gene_id "CZ194756"	0	0
48	1-1	1-1	48	chrX	MGI	Gene	53078571	53140126	.	+	.	MGI:1298387;Fhl1	chrX	oct24	exon	53101117	53101164	.	+	.	gene_id "CC155998"	0	0
48	1-1	1-1	10	chrX	MGI	Gene	53078571	53140126	.	+	.	MGI:1298387;Fhl1	chrX	oct24	exon	53101165	53101174	.	+	.	gene_id "CC155998"	0	0
49	1-1	1-1	48	chrX	MGI	Gene	81954656	82029402	.	-	.	MGI:106594;Gyk	chrX	oct24	exon	81963770	81963817	.	-	.	gene_id "CC200139"	0	0
49	1-1	1-1	32	chrX	MGI	Gene	81954656	82029402	.	-	.	MGI:106594;Gyk	chrX	oct24	exon	81963818	81963849	.	-	.	gene_id "CC200139"	0	0
49	1-1	1-1	84	chrX	MGI	Gene	81954656	82029402	.	-	.	MGI:106594;Gyk	chrX	oct24	exon	81965060	81965143	.	-	.	gene_id "CC200139"	0	0
51	1-1	1-1	87	chrX	MGI	Gene	138099842	138213096	.	-	.	MGI:1860206;Ammecr1	chrX	oct24	exon	138124479	138124565	.	-	.	gene_id "CC248768"	0	0
51	1-1	1-1	7	chrX	MGI	Gene	138099842	138213096	.	-	.	MGI:1860206;Ammecr1	chrX	oct24	exon	138124566	138124572	.	-	.	gene_id "CC248768"	0	0
51	1-1	1-1	19	chrX	MGI	Gene	138099842	138213096	.	-	.	MGI:1860206;Ammecr1	chrX	oct24	exon	138124573	138124591	.	-	.	gene_id "CC248768"	0	0
51	1-1	1-1	39	chrX	MGI	Gene	138099842	138213096	.	-	.	MGI:1860206;Ammecr1	chrX	oct24	exon	138158540	138158578	.	-	.	gene_id "CC248768"	0	0
51	1-1	1-1	5	chrX	MGI	Gene	138099842	138213096	.	-	.	MGI:1860206;Ammecr1	chrX	oct24	exon	138158911	138158915	.	-	.	gene_id "CC248768"	0	0
60	1-1	1-1	33	chrX	MGI	GeneModel	64580292	64580981	.	-	.	385372	chrX	oct24	exon	64580779	64580811	.	-	.	gene_id "CL303250"	0	1
65	1-1	1-1	250	chrX	MGI	Gene	102389843	102406418	.	+	.	MGI:97555;Pgk1	chrX	oct24	exon	102405580	102405829	.	+	.	gene_id "CZ192476"	0	0
66	1-1	1-1	206	chrX	MGI	Gene	146684939	146810626	.	+	.	MGI:2387687;ORF34	chrX	oct24	exon	146717504	146717709	.	+	.	gene_id "CL525662"	0	0
66	1-1	1-1	83	chrX	MGI	Gene	146684939	146810626	.	+	.	MGI:2387687;ORF34	chrX	oct24	exon	146722626	146722708	.	+	.	gene_id "CL525662"	0	0
67	1-1	1-1	103	chrX	MGI	Gene	6824905	6828291	.	-	.	MGI:1298382;Plp2	chrX	oct24	exon	6825865	6825967	.	-	.	gene_id "CZ194461"	0	0
67	1-1	1-1	5	chrX	MGI	Gene	6824905	6828291	.	-	.	MGI:1298382;Plp2	chrX	oct24	exon	6825968	6825972	.	-	.	gene_id "CZ194461"	0	0
67	1-1	1-1	24	chrX	MGI	Gene	6824905	6828291	.	-	.	MGI:1298382;Plp2	chrX	oct24	exon	6825973	6825996	.	-	.	gene_id "CZ194461"	0	0
68	1-1	1-1	87	chrX	MGI	Gene	70523577	70525846	.	+	.	MGI:105943;Rpl10	chrX	oct24	exon	70524540	70524626	.	+	.	gene_id "CW990240"	0	0
68	1-1	1-1	3	chrX	MGI	Gene	70523577	70525846	.	+	.	MGI:105943;Rpl10	chrX	oct24	exon	70524633	70524635	.	+	.	gene_id "CW990240"	0	0
68	1-1	1-1	22	chrX	MGI	Gene	70523577	70525846	.	+	.	MGI:105943;Rpl10	chrX	oct24	exon	70524900	70524921	.	+	.	gene_id "CW990240"	0	0
69	1-1	1-1	223	chrX	MGI	Gene	97281940	97288093	.	-	.	MGI:1100521;Slc7a3	chrX	oct24	exon	97287871	97288123	.	-	.	gene_id "CL439322"	0	0
71	1-1	1-1	33	chrX	MGI	GeneModel	105591346	105596082	.	-	.	213474	chrX	oct24	exon	105594871	105594903	.	-	.	gene_id "DU820975"	0	1
71	1-1	1-1	13	chrX	MGI	GeneModel	105591346	105596082	.	-	.	213474	chrX	oct24	exon	105594905	105594917	.	-	.	gene_id "DU820975"	0	1
73	1-1	1-1	69	chrX	MGI	Gene	44157083	44210495	.	+	.	MGI:109589;Ocrl	chrX	oct24	exon	44180716	44180784	.	+	.	gene_id "CG869732"	0	0
73	1-1	1-1	10	chrX	MGI	Gene	44157083	44210495	.	+	.	MGI:109589;Ocrl	chrX	oct24	exon	44180969	44180978	.	+	.	gene_id "CG869732"	0	0
73	1-1	1-1	136	chrX	MGI	Gene	44157083	44210495	.	+	.	MGI:109589;Ocrl	chrX	oct24	exon	44180979	44181114	.	+	.	gene_id "CG869732"	0	0
73	1-1	1-1	112	chrX	MGI	Gene	44157083	44210495	.	+	.	MGI:109589;Ocrl	chrX	oct24	exon	44182925	44183036	.	+	.	gene_id "CG869732"	0	0
74	1-1	1-1	95	chrX	MGI	Gene	65022504	65065223	.	+	.	MGI:2672032;Fmr1nb	chrX	oct24	exon	65032709	65032803	.	+	.	gene_id "CC326324"	0	0
77	1-1	1-1	113	chrX	MGI	Gene	7350809	7363466	.	-	.	MGI:1890212;Porcn	chrX	oct24	exon	7363337	7363449	.	-	.	gene_id "DX577273"	0	0
79	1-1	1-1	77	chrX	MGI	Gene	70031683	70039617	.	-	.	MGI:1099463;Idh3g	chrX	oct24	exon	70039494	70039570	.	-	.	gene_id "DU822456"	0	0
80	1-1	1-1	87	chrX	MGI	Gene	164655640	164664385	.	-	.	MGI:106911;Hccs	chrX	oct24	exon	164657692	164657778	.	-	.	gene_id "DU635436"	0	0
80	1-1	1-1	120	chrX	MGI	Gene	164655640	164664385	.	-	.	MGI:106911;Hccs	chrX	oct24	exon	164659706	164659825	.	-	.	gene_id "DU635436"	0	0
80	1-1	1-1	56	chrX	MGI	Gene	164655640	164664385	.	-	.	MGI:106911;Hccs	chrX	oct24	exon	164660650	164660705	.	-	.	gene_id "DU635436"	0	0
80	1-1	1-1	4	chrX	MGI	Gene	164655640	164664385	.	-	.	MGI:106911;Hccs	chrX	oct24	exon	164660706	164660709	.	-	.	gene_id "DU635436"	0	0
88	1-1	1-1	320	chrX	MGI	Gene	70195515	70219035	.	-	.	MGI:105942;Hcfc1	chrX	oct24	exon	70200382	70200701	.	-	.	gene_id "BH912056"	0	0
91	1-1	1-1	51	chrX	MGI	Gene	45255149	45532869	.	-	.	MGI:2384799;Cova1	chrX	oct24	exon	45413270	45413320	.	-	.	gene_id "CC799118"	0	0
91	1-1	1-1	92	chrX	MGI	Gene	45255149	45532869	.	-	.	MGI:2384799;Cova1	chrX	oct24	exon	45413321	45413412	.	-	.	gene_id "CC799118"	0	0
94	1-1	1-1	227	chrX	MGI	Gene	154758683	154843052	.	+	.	MGI:1917474;2900002G04Rik	chrX	oct24	exon	154833377	154833603	.	+	.	gene_id "DX574214"	0	0
94	1-1	1-1	105	chrX	MGI	Gene	154758683	154843052	.	+	.	MGI:1917474;2900002G04Rik	chrX	oct24	exon	154834784	154834888	.	+	.	gene_id "DX574214"	0	0
94	1-1	1-1	57	chrX	MGI	Gene	154758683	154843052	.	+	.	MGI:1917474;2900002G04Rik	chrX	oct24	exon	154835872	154835928	.	+	.	gene_id "DX574214"	0	0
95	1-1	1-1	78	chrX	MGI	Gene	7395627	7409365	.	-	.	MGI:1859648;Ftsj1	chrX	oct24	exon	7405938	7406015	.	-	.	gene_id "CC199959"	0	0
95	1-1	1-1	91	chrX	MGI	Gene	7395627	7409365	.	-	.	MGI:1859648;Ftsj1	chrX	oct24	exon	7407354	7407444	.	-	.	gene_id "CC199959"	0	0
95	1-1	1-1	70	chrX	MGI	Gene	7395627	7409365	.	-	.	MGI:1859648;Ftsj1	chrX	oct24	exon	7407527	7407596	.	-	.	gene_id "CC199959"	0	0
95	1-1	1-1	158	chrX	MGI	Gene	7395627	7409365	.	-	.	MGI:1859648;Ftsj1	chrX	oct24	exon	7407838	7407995	.	-	.	gene_id "CC199959"	0	0
95	1-1	1-1	197	chrX	MGI	Gene	7395627	7409365	.	-	.	MGI:1859648;Ftsj1	chrX	oct24	exon	7409130	7409326	.	-	.	gene_id "CC199959"	0	0
99	1-1	1-1	91	chrX	MGI	Gene	97414680	97425211	.	-	.	MGI:1919331;Snx12	chrX	oct24	exon	97416492	97416582	.	-	.	gene_id "CW990191"	0	0
99	1-1	1-1	125	chrX	MGI	Gene	97414680	97425211	.	-	.	MGI:1919331;Snx12	chrX	oct24	exon	97417119	97417243	.	-	.	gene_id "CW990191"	0	0
99	1-1	1-1	96	chrX	MGI	Gene	97414680	97425211	.	-	.	MGI:1919331;Snx12	chrX	oct24	exon	97418201	97418296	.	-	.	gene_id "CW990191"	0	0
99	1-1	1-1	195	chrX	MGI	Gene	97414680	97425211	.	-	.	MGI:1919331;Snx12	chrX	oct24	exon	97424980	97425174	.	-	.	gene_id "CW990191"	0	0
