chrX	oct24	exon	101245848	101246008	.	-	.	gene_id "DX574187"
chrX	oct24	exon	101245848	101246022	.	-	.	gene_id "DX574186"
chrX	oct24	exon	101246720	101246829	.	-	.	gene_id "DX574186"
chrX	oct24	exon	101250627	101250728	.	-	.	gene_id "DX574186"
chrX	oct24	exon	101250627	101250728	.	-	.	gene_id "DX574187"
chrX	oct24	exon	101269475	101269871	.	-	.	gene_id "CL569318"
chrX	oct24	exon	101269477	101269590	.	-	.	gene_id "DX574187"
chrX	oct24	exon	101269477	101269595	.	-	.	gene_id "DX574186"
chrX	oct24	exon	101271182	101271205	.	-	.	gene_id "DX574186"
chrX	oct24	exon	102073702	102073993	.	+	.	gene_id "DU097959"
chrX	oct24	exon	102160361	102160401	.	+	.	gene_id "CZ194707"
chrX	oct24	exon	102215880	102216153	.	+	.	gene_id "CL438760"
chrX	oct24	exon	102389456	102389586	.	-	.	gene_id "CL210663"
chrX	oct24	exon	102389487	102389582	.	-	.	gene_id "CL213068"
chrX	oct24	exon	103494730	103494920	.	-	.	gene_id "CL706320"
chrX	oct24	exon	106837896	106838016	.	-	.	gene_id "DX918661"
chrX	oct24	exon	106838017	106838127	.	-	.	gene_id "DX918661"
chrX	oct24	exon	106838164	106838226	.	-	.	gene_id "DX918661"
chrX	oct24	exon	106838231	106838237	.	-	.	gene_id "DX918661"
chrX	oct24	exon	108939614	108939617	.	-	.	gene_id "CL256474"
chrX	oct24	exon	108939619	108939643	.	-	.	gene_id "CL256474"
chrX	oct24	exon	108939644	108939668	.	-	.	gene_id "CL256474"
chrX	oct24	exon	109756832	109756835	.	-	.	gene_id "CL631778"
chrX	oct24	exon	109756836	109757020	.	-	.	gene_id "CL631778"
chrX	oct24	exon	11083194	11083280	.	-	.	gene_id "CZ193873"
chrX	oct24	exon	111022049	111022168	.	-	.	gene_id "CC326022"
chrX	oct24	exon	11510575	11510587	.	-	.	gene_id "CZ444345"
chrX	oct24	exon	11510900	11510917	.	-	.	gene_id "CZ444345"
chrX	oct24	exon	11510948	11510968	.	-	.	gene_id "CZ444345"
chrX	oct24	exon	116091991	116092069	.	-	.	gene_id "CL436272"
chrX	oct24	exon	11919452	11919528	.	+	.	gene_id "CZ192727"
chrX	oct24	exon	120746472	120746516	.	-	.	gene_id "DU636228"
chrX	oct24	exon	12198972	12199042	.	+	.	gene_id "CL640798"
chrX	oct24	exon	12198980	12199061	.	+	.	gene_id "CW989106"
chrX	oct24	exon	12199117	12199223	.	+	.	gene_id "CL640818"
chrX	oct24	exon	12200374	12200555	.	+	.	gene_id "CL640824"
chrX	oct24	exon	12200560	12200614	.	+	.	gene_id "CL640824"
chrX	oct24	exon	12200578	12200614	.	+	.	gene_id "CL640799"
chrX	oct24	exon	12202400	12202630	.	+	.	gene_id "CG409396"
chrX	oct24	exon	12265004	12265086	.	-	.	gene_id "CL982786"
chrX	oct24	exon	123013112	123013116	.	-	.	gene_id "CZ193257"
chrX	oct24	exon	123013120	123013149	.	-	.	gene_id "CZ193257"
chrX	oct24	exon	123013173	123013187	.	-	.	gene_id "CZ193257"
chrX	oct24	exon	123013229	123013282	.	-	.	gene_id "CZ193257"
chrX	oct24	exon	12363548	12363698	.	-	.	gene_id "CZ466094"
chrX	oct24	exon	12363552	12363765	.	-	.	gene_id "CW917376"
chrX	oct24	exon	12454554	12454599	.	+	.	gene_id "CC182795"
chrX	oct24	exon	12469322	12469776	.	+	.	gene_id "CC325062"
chrX	oct24	exon	130049317	130049424	.	-	.	gene_id "DX918631"
chrX	oct24	exon	130049319	130049483	.	-	.	gene_id "CZ594916"
chrX	oct24	exon	130049425	130049559	.	-	.	gene_id "DX918631"
chrX	oct24	exon	131164089	131164516	.	+	.	gene_id "CL631593"
chrX	oct24	exon	131383153	131383215	.	-	.	gene_id "CC325050"
chrX	oct24	exon	131551282	131551562	.	+	.	gene_id "CL706291"
chrX	oct24	exon	132081088	132081214	.	+	.	gene_id "CL440852"
chrX	oct24	exon	132081216	132081252	.	+	.	gene_id "CL440852"
chrX	oct24	exon	132105009	132105119	.	+	.	gene_id "CC325406"
chrX	oct24	exon	134909252	134909480	.	-	.	gene_id "CW848100"
chrX	oct24	exon	135841781	135841964	.	-	.	gene_id "CL610328"
chrX	oct24	exon	136644592	136644656	.	+	.	gene_id "DX918788"
chrX	oct24	exon	136644604	136644745	.	+	.	gene_id "CZ595051"
chrX	oct24	exon	138815482	138815573	.	-	.	gene_id "CL603159"
chrX	oct24	exon	139509973	139510145	.	-	.	gene_id "CL569090"
chrX	oct24	exon	139509979	139510234	.	-	.	gene_id "CL706337"
chrX	oct24	exon	139531322	139531565	.	-	.	gene_id "CW847982"
chrX	oct24	exon	139531384	139531565	.	-	.	gene_id "CL570339"
chrX	oct24	exon	139531388	139531583	.	+	.	gene_id "CW917104"
chrX	oct24	exon	139559149	139559232	.	-	.	gene_id "CW542092"
chrX	oct24	exon	139561058	139561205	.	+	.	gene_id "CZ193154"
chrX	oct24	exon	139568241	139568536	.	-	.	gene_id "DU097976"
chrX	oct24	exon	139580207	139580827	.	-	.	gene_id "CL441053"
chrX	oct24	exon	139580829	139580869	.	-	.	gene_id "CL441053"
chrX	oct24	exon	139580873	139580893	.	-	.	gene_id "CL441053"
chrX	oct24	exon	139580908	139580935	.	-	.	gene_id "CL441053"
chrX	oct24	exon	141930473	141930621	.	+	.	gene_id "CG846754"
chrX	oct24	exon	142353250	142353457	.	-	.	gene_id "CL603216"
chrX	oct24	exon	145799696	145799863	.	-	.	gene_id "CL213161"
chrX	oct24	exon	145799744	145799755	.	-	.	gene_id "CZ294119"
chrX	oct24	exon	145799756	145799854	.	-	.	gene_id "CZ294119"
chrX	oct24	exon	146381963	146382268	.	-	.	gene_id "CW628125"
chrX	oct24	exon	146381999	146382022	.	-	.	gene_id "CW848097"
chrX	oct24	exon	146382023	146382268	.	-	.	gene_id "CW848097"
chrX	oct24	exon	146509456	146509655	.	+	.	gene_id "CG672100"
chrX	oct24	exon	146509491	146509655	.	+	.	gene_id "CC893856"
chrX	oct24	exon	146510415	146510674	.	+	.	gene_id "CL210661"
chrX	oct24	exon	146512361	146512479	.	+	.	gene_id "CL210661"
chrX	oct24	exon	146860156	146860171	.	+	.	gene_id "DX577261"
chrX	oct24	exon	146860173	146860249	.	+	.	gene_id "DX577261"
chrX	oct24	exon	147637420	147637473	.	-	.	gene_id "CL211377"
chrX	oct24	exon	147709164	147709250	.	-	.	gene_id "CZ193822"
chrX	oct24	exon	148051155	148051233	.	+	.	gene_id "CW916895"
chrX	oct24	exon	148051240	148051257	.	+	.	gene_id "CW916895"
chrX	oct24	exon	148051280	148051288	.	+	.	gene_id "CW916895"
chrX	oct24	exon	148051303	148051625	.	+	.	gene_id "CW916895"
chrX	oct24	exon	148422944	148422978	.	-	.	gene_id "CL436293"
chrX	oct24	exon	148697720	148697916	.	-	.	gene_id "CL569154"
chrX	oct24	exon	148697720	148697916	.	-	.	gene_id "CW917071"
chrX	oct24	exon	148723722	148723785	.	-	.	gene_id "CL982989"
chrX	oct24	exon	148725310	148725421	.	-	.	gene_id "CL982989"
chrX	oct24	exon	148726089	148726228	.	-	.	gene_id "CL982989"
chrX	oct24	exon	149781139	149781144	.	+	.	gene_id "CZ194884"
chrX	oct24	exon	149781173	149781192	.	+	.	gene_id "CZ194884"
chrX	oct24	exon	149781194	149781204	.	+	.	gene_id "CZ194884"
chrX	oct24	exon	152836242	152836363	.	-	.	gene_id "DX913258"
chrX	oct24	exon	152862780	152863289	.	-	.	gene_id "CW542171"
chrX	oct24	exon	153004041	153004081	.	-	.	gene_id "CL524739"
chrX	oct24	exon	153004082	153004155	.	-	.	gene_id "CL524739"
chrX	oct24	exon	153493931	153493984	.	+	.	gene_id "DU822831"
chrX	oct24	exon	153871178	153871559	.	+	.	gene_id "CW989864"
chrX	oct24	exon	154860501	154860572	.	-	.	gene_id "CL639849"
chrX	oct24	exon	154866923	154867182	.	+	.	gene_id "CL213119"
chrX	oct24	exon	154870792	154870892	.	+	.	gene_id "CW988951"
chrX	oct24	exon	154870998	154871308	.	+	.	gene_id "CW988951"
chrX	oct24	exon	158064853	158065026	.	+	.	gene_id "CW917360"
chrX	oct24	exon	158079834	158080108	.	-	.	gene_id "CZ595075"
chrX	oct24	exon	158101687	158101691	.	+	.	gene_id "CZ594835"
chrX	oct24	exon	158101694	158101702	.	+	.	gene_id "CZ594835"
chrX	oct24	exon	158101704	158101718	.	+	.	gene_id "CZ594835"
chrX	oct24	exon	158101720	158101723	.	+	.	gene_id "CZ594835"
chrX	oct24	exon	158101725	158101738	.	+	.	gene_id "CZ594835"
chrX	oct24	exon	158101739	158101742	.	+	.	gene_id "CZ594835"
chrX	oct24	exon	158101744	158101913	.	+	.	gene_id "CZ594835"
chrX	oct24	exon	158153139	158153315	.	+	.	gene_id "DU097957"
chrX	oct24	exon	158153316	158153319	.	+	.	gene_id "DU097957"
chrX	oct24	exon	158153320	158153345	.	+	.	gene_id "DU097957"
chrX	oct24	exon	158153346	158153376	.	+	.	gene_id "DU097957"
chrX	oct24	exon	158153377	158153431	.	+	.	gene_id "DU097957"
chrX	oct24	exon	158658949	158659221	.	+	.	gene_id "CZ193034"
chrX	oct24	exon	161564649	161564987	.	-	.	gene_id "CZ466127"
chrX	oct24	exon	161963633	161963895	.	+	.	gene_id "CZ192598"
chrX	oct24	exon	161963896	161963913	.	+	.	gene_id "CZ192598"
chrX	oct24	exon	163737422	163737969	.	+	.	gene_id "DX918686"
chrX	oct24	exon	16425571	16425608	.	+	.	gene_id "CL438976"
chrX	oct24	exon	164890490	164890676	.	-	.	gene_id "CZ594836"
chrX	oct24	exon	164890677	164890685	.	-	.	gene_id "CZ594836"
chrX	oct24	exon	164890687	164890706	.	-	.	gene_id "CZ594836"
chrX	oct24	exon	164890708	164890715	.	-	.	gene_id "CZ594836"
chrX	oct24	exon	19548372	19548806	.	-	.	gene_id "CG425465"
chrX	oct24	exon	19774687	19774806	.	-	.	gene_id "BZ894161"
chrX	oct24	exon	19775079	19775167	.	+	.	gene_id "DU823463"
chrX	oct24	exon	19884413	19884633	.	-	.	gene_id "DX918615"
chrX	oct24	exon	19884456	19884633	.	-	.	gene_id "CL706374"
chrX	oct24	exon	19941849	19942079	.	-	.	gene_id "CL570350"
chrX	oct24	exon	19941850	19942078	.	-	.	gene_id "CL632071"
chrX	oct24	exon	19941850	19942079	.	-	.	gene_id "CW848030"
chrX	oct24	exon	19954778	19954839	.	+	.	gene_id "CL569761"
chrX	oct24	exon	19954787	19954822	.	+	.	gene_id "CZ170682"
chrX	oct24	exon	31324960	31324977	.	-	.	gene_id "CZ444416"
chrX	oct24	exon	31324986	31325007	.	-	.	gene_id "CZ444416"
chrX	oct24	exon	33238413	33238417	.	-	.	gene_id "CL441142"
chrX	oct24	exon	33238419	33239049	.	-	.	gene_id "CL441142"
chrX	oct24	exon	33239051	33239118	.	-	.	gene_id "CL441142"
chrX	oct24	exon	33239119	33239153	.	-	.	gene_id "CL441142"
chrX	oct24	exon	33239155	33239181	.	-	.	gene_id "CL441142"
chrX	oct24	exon	33239183	33239192	.	-	.	gene_id "CL441142"
chrX	oct24	exon	33239194	33239216	.	-	.	gene_id "CL441142"
chrX	oct24	exon	33510601	33510632	.	+	.	gene_id "CZ193605"
chrX	oct24	exon	33516491	33516805	.	+	.	gene_id "BH912363"
chrX	oct24	exon	33542708	33542910	.	+	.	gene_id "CC325067"
chrX	oct24	exon	34776242	34776750	.	-	.	gene_id "CL706083"
chrX	oct24	exon	34776751	34776870	.	-	.	gene_id "CL706083"
chrX	oct24	exon	38156750	38156967	.	+	.	gene_id "CL437997"
chrX	oct24	exon	38590870	38591111	.	-	.	gene_id "CL603082"
chrX	oct24	exon	38676421	38676561	.	-	.	gene_id "CZ192510"
chrX	oct24	exon	39759697	39759837	.	-	.	gene_id "CL524720"
chrX	oct24	exon	39759838	39759881	.	-	.	gene_id "CL524720"
chrX	oct24	exon	46782007	46782062	.	+	.	gene_id "CZ169401"
chrX	oct24	exon	46794162	46794285	.	+	.	gene_id "CZ169401"
chrX	oct24	exon	48895339	48895501	.	-	.	gene_id "CL610286"
chrX	oct24	exon	49268241	49268281	.	+	.	gene_id "CL640859"
chrX	oct24	exon	49268283	49268361	.	+	.	gene_id "CL640766"
chrX	oct24	exon	49268287	49268364	.	+	.	gene_id "CL640859"
chrX	oct24	exon	49268308	49268416	.	+	.	gene_id "CL640861"
chrX	oct24	exon	54009635	54009676	.	-	.	gene_id "CL449260"
chrX	oct24	exon	54009679	54009985	.	-	.	gene_id "CL449260"
chrX	oct24	exon	54009801	54010057	.	-	.	gene_id "CG846758"
chrX	oct24	exon	54010007	54010057	.	-	.	gene_id "CL449260"
chrX	oct24	exon	54386481	54386733	.	-	.	gene_id "CL436928"
chrX	oct24	exon	58091170	58091281	.	+	.	gene_id "CL215131"
chrX	oct24	exon	61286159	61286365	.	+	.	gene_id "CZ192415"
chrX	oct24	exon	61286366	61286436	.	+	.	gene_id "CZ192415"
chrX	oct24	exon	6542784	6542910	.	+	.	gene_id "CZ443189"
chrX	oct24	exon	67995208	67995602	.	-	.	gene_id "CZ547900"
chrX	oct24	exon	69713342	69713624	.	+	.	gene_id "CZ192396"
chrX	oct24	exon	69877167	69877392	.	-	.	gene_id "CL631958"
chrX	oct24	exon	69877394	69877421	.	-	.	gene_id "CL631958"
chrX	oct24	exon	69877422	69877451	.	-	.	gene_id "CL631958"
chrX	oct24	exon	6998333	6998344	.	-	.	gene_id "CL214718"
chrX	oct24	exon	6998334	6998469	.	-	.	gene_id "CL214440"
chrX	oct24	exon	6998339	6998501	.	-	.	gene_id "CL210653"
chrX	oct24	exon	6998345	6998532	.	-	.	gene_id "CL214718"
chrX	oct24	exon	6998470	6998499	.	-	.	gene_id "CL214440"
chrX	oct24	exon	70108379	70108387	.	+	.	gene_id "CG691508"
chrX	oct24	exon	70108389	70108834	.	+	.	gene_id "CG691508"
chrX	oct24	exon	70167817	70167877	.	+	.	gene_id "CG869479"
chrX	oct24	exon	70169444	70169568	.	-	.	gene_id "CL459225"
chrX	oct24	exon	70253986	70254254	.	-	.	gene_id "CL440928"
chrX	oct24	exon	70254256	70254282	.	-	.	gene_id "CL440928"
chrX	oct24	exon	70523278	70523336	.	-	.	gene_id "CL437686"
chrX	oct24	exon	70523337	70523365	.	-	.	gene_id "CL437686"
chrX	oct24	exon	70523366	70523376	.	-	.	gene_id "CL437686"
chrX	oct24	exon	7083261	7083292	.	+	.	gene_id "CZ194785"
chrX	oct24	exon	7209922	7210157	.	+	.	gene_id "CL436019"
chrX	oct24	exon	7259161	7259246	.	-	.	gene_id "CW917087"
chrX	oct24	exon	73132691	73132711	.	-	.	gene_id "CZ193524"
chrX	oct24	exon	73132726	73132740	.	-	.	gene_id "CZ193524"
chrX	oct24	exon	7374740	7374867	.	+	.	gene_id "CL632050"
chrX	oct24	exon	7374750	7374868	.	+	.	gene_id "CL706373"
chrX	oct24	exon	73763893	73763935	.	+	.	gene_id "CL650541"
chrX	oct24	exon	80695686	80695714	.	-	.	gene_id "CC200144"
chrX	oct24	exon	80695686	80695826	.	-	.	gene_id "CZ595294"
chrX	oct24	exon	80695723	80695733	.	-	.	gene_id "CC200144"
chrX	oct24	exon	80695744	80695818	.	-	.	gene_id "CC200144"
chrX	oct24	exon	82169025	82169048	.	-	.	gene_id "CZ693373"
chrX	oct24	exon	82169050	82169054	.	-	.	gene_id "CZ693373"
chrX	oct24	exon	82169056	82169623	.	-	.	gene_id "CZ693373"
chrX	oct24	exon	84461157	84461340	.	-	.	gene_id "CG846693"
chrX	oct24	exon	89926647	89926803	.	-	.	gene_id "BH912479"
chrX	oct24	exon	89926807	89926975	.	-	.	gene_id "BH912479"
chrX	oct24	exon	89926976	89927034	.	-	.	gene_id "BH912479"
chrX	oct24	exon	89927036	89927071	.	-	.	gene_id "BH912479"
chrX	oct24	exon	89927073	89927084	.	-	.	gene_id "BH912479"
chrX	oct24	exon	89927086	89927094	.	-	.	gene_id "BH912479"
chrX	oct24	exon	90268458	90268554	.	-	.	gene_id "CW628100"
chrX	oct24	exon	90268908	90268911	.	+	.	gene_id "CG392174"
chrX	oct24	exon	90268912	90269120	.	+	.	gene_id "CG392174"
chrX	oct24	exon	90463859	90464160	.	+	.	gene_id "CZ192641"
chrX	oct24	exon	90785698	90785887	.	+	.	gene_id "CG846774"
chrX	oct24	exon	90785698	90785888	.	+	.	gene_id "CC325073"
chrX	oct24	exon	90981417	90981490	.	-	.	gene_id "CL603097"
chrX	oct24	exon	90981491	90981799	.	-	.	gene_id "CL603097"
chrX	oct24	exon	9301726	9302039	.	+	.	gene_id "CL212016"
chrX	oct24	exon	9363118	9363126	.	+	.	gene_id "CW020554"
chrX	oct24	exon	9363130	9363239	.	+	.	gene_id "CW020554"
chrX	oct24	exon	9365631	9365781	.	+	.	gene_id "CW020554"
chrX	oct24	exon	9372000	9372330	.	+	.	gene_id "CL211720"
chrX	oct24	exon	9374895	9375154	.	-	.	gene_id "CL212021"
chrX	oct24	exon	9375155	9375159	.	-	.	gene_id "CL212021"
chrX	oct24	exon	9375161	9375178	.	-	.	gene_id "CL212021"
chrX	oct24	exon	9375181	9375231	.	-	.	gene_id "CL212021"
chrX	oct24	exon	97299136	97299167	.	+	.	gene_id "CL438407"
chrX	oct24	exon	97305107	97305227	.	+	.	gene_id "CW917103"
chrX	oct24	exon	97305228	97305541	.	+	.	gene_id "CW917103"
chrX	oct24	exon	97498373	97498800	.	-	.	gene_id "CL903113"
chrX	oct24	exon	97498373	97498800	.	-	.	gene_id "CW542127"
chrX	oct24	exon	97498373	97498800	.	-	.	gene_id "CW542239"
chrX	oct24	exon	97498450	97498800	.	-	.	gene_id "CW917439"
chrX	oct24	exon	97596436	97597024	.	-	.	gene_id "DX918621"
chrX	oct24	exon	97597026	97597053	.	-	.	gene_id "DX918621"
chrX	oct24	exon	97641271	97641296	.	-	.	gene_id "CL440896"
chrX	oct24	exon	97641298	97641311	.	-	.	gene_id "CL440896"
chrX	oct24	exon	97641312	97641488	.	-	.	gene_id "CL440896"
chrX	oct24	exon	97641490	97641525	.	-	.	gene_id "CL440896"
chrX	oct24	exon	97641527	97641572	.	-	.	gene_id "CL440896"
chrX	oct24	exon	97675352	97675481	.	-	.	gene_id "CL610297"
chrX	oct24	exon	97675482	97675521	.	-	.	gene_id "CL610297"
chrX	oct24	exon	97684661	97684708	.	+	.	gene_id "DU098073"
chrX	oct24	exon	97725025	97725066	.	+	.	gene_id "CL302857"
chrX	oct24	exon	97725089	97725316	.	+	.	gene_id "CL213937"
chrX	oct24	exon	97725096	97725261	.	+	.	gene_id "CL211353"
chrX	oct24	exon	97725096	97725264	.	+	.	gene_id "CL213848"
chrX	oct24	exon	97725287	97725292	.	+	.	gene_id "CL436292"
chrX	oct24	exon	97725293	97725369	.	+	.	gene_id "CL436292"
chrX	oct24	exon	97725706	97725766	.	+	.	gene_id "CL435782"
chrX	oct24	exon	97726967	97727036	.	+	.	gene_id "CL213125"
chrX	oct24	exon	97729511	97729787	.	+	.	gene_id "CL439493"
chrX	oct24	exon	97826648	97826775	.	+	.	gene_id "CW628038"
chrX	oct24	exon	99513924	99513937	.	-	.	gene_id "CL436316"
chrX	oct24	exon	99513938	99513948	.	-	.	gene_id "CL436316"
chrX	oct24	exon	99513950	99513967	.	-	.	gene_id "CL436316"
chrX	oct24	exon	99513968	99513985	.	-	.	gene_id "CL436316"
chrX	oct24	exon	99513986	99513993	.	-	.	gene_id "CL436316"
chrX	oct24	exon	99513994	99514183	.	-	.	gene_id "CL436316"
chrX	oct24	exon	99514349	99514353	.	-	.	gene_id "CL213743"
chrX	oct24	exon	99514351	99514438	.	-	.	gene_id "CZ293998"
chrX	oct24	exon	99514351	99514442	.	-	.	gene_id "CL303001"
chrX	oct24	exon	99514351	99514472	.	-	.	gene_id "CL302953"
chrX	oct24	exon	99514351	99514506	.	-	.	gene_id "DU636532"
chrX	oct24	exon	99514351	99514507	.	-	.	gene_id "CL213094"
chrX	oct24	exon	99514351	99514510	.	-	.	gene_id "DU821542"
chrX	oct24	exon	99514351	99514512	.	-	.	gene_id "CL256735"
chrX	oct24	exon	99514351	99514513	.	-	.	gene_id "DU823240"
chrX	oct24	exon	99514351	99514520	.	-	.	gene_id "CL570172"
chrX	oct24	exon	99514352	99514465	.	-	.	gene_id "CZ294677"
chrX	oct24	exon	99514353	99514511	.	-	.	gene_id "CL265365"
chrX	oct24	exon	99514354	99514362	.	-	.	gene_id "CL213645"
chrX	oct24	exon	99514355	99514368	.	-	.	gene_id "CL213743"
chrX	oct24	exon	99514355	99514439	.	-	.	gene_id "CL213747"
chrX	oct24	exon	99514358	99514365	.	-	.	gene_id "CZ294608"
chrX	oct24	exon	99514363	99514368	.	-	.	gene_id "CL213618"
chrX	oct24	exon	99514366	99514515	.	-	.	gene_id "CZ294608"
chrX	oct24	exon	99514368	99514381	.	-	.	gene_id "CL213645"
chrX	oct24	exon	99514370	99514512	.	-	.	gene_id "CL213743"
chrX	oct24	exon	99514370	99514515	.	-	.	gene_id "CL213618"
chrX	oct24	exon	99514384	99514515	.	-	.	gene_id "CL213645"
chrX	oct24	exon	99514418	99514495	.	-	.	gene_id "CL256736"
chrX	oct24	exon	99607534	99607762	.	-	.	gene_id "DU097833"
